D:/ncs/v2.3.0/zephyr/kernel/init.c:230:13:z_sys_init_run_level	16	static
D:/ncs/v2.3.0/zephyr/kernel/init.c:343:13:init_idle_thread	48	static
D:/ncs/v2.3.0/zephyr/kernel/init.c:277:13:bg_thread_main	8	static
D:/ncs/v2.3.0/zephyr/kernel/init.c:432:27:switch_to_main_thread	8	static
D:/ncs/v2.3.0/zephyr/kernel/init.c:108:13:z_early_memset	8	static
D:/ncs/v2.3.0/zephyr/kernel/init.c:121:13:z_early_memcpy	8	static
D:/ncs/v2.3.0/zephyr/kernel/init.c:132:6:z_bss_zero	8	static
D:/ncs/v2.3.0/zephyr/kernel/init.c:372:6:z_init_cpu	8	static
D:/ncs/v2.3.0/zephyr/kernel/init.c:399:14:prepare_multithreading	40	static
D:/ncs/v2.3.0/zephyr/kernel/init.c:501:20:z_cstart	272	static
