D:/ncs/v2.3.0/modules/hal/nordic/nrfx/soc/nrfx_coredep.h:134:24:nrfx_coredep_delay_us	8	static
D:/ncs/v2.3.0/modules/hal/nordic/nrfx/hal/nrf_gpio.h:989:24:nrf_gpio_pin_present_check	0	static
D:/ncs/v2.3.0/zephyr/soc/arm/nordic_nrf/nrf53/soc.c:97:13:nrf53_anomaly_160_workaround	0	static
D:/ncs/v2.3.0/modules/hal/nordic/nrfx/hal/nrf_gpio.h:581:35:nrf_gpio_pin_port_decode	16	static
D:/ncs/v2.3.0/modules/hal/nordic/nrfx/hal/nrf_gpio.h:974:24:nrf_gpio_pin_control_select	16	static
D:/ncs/v2.3.0/zephyr/soc/arm/nordic_nrf/nrf53/soc.c:173:12:nordicsemi_nrf53_init	16	static
D:/ncs/v2.3.0/zephyr/soc/arm/nordic_nrf/nrf53/soc.c:122:6:z_arm_on_enter_cpu_idle	48	static
D:/ncs/v2.3.0/zephyr/soc/arm/nordic_nrf/nrf53/soc.c:274:6:arch_busy_wait	8	static
