../src/audio/audio_system.c:74:13:audio_headset_configure	0	static
../src/audio/audio_system.c:97:13:encoder_thread	3200	dynamic,bounded
../src/audio/audio_system.c:172:5:audio_encode_test_tone_set	56	dynamic,bounded
../src/audio/audio_system.c:192:5:audio_decode	112	static
../src/audio/audio_system.c:277:6:audio_system_start	352	dynamic,bounded
../src/audio/audio_system.c:390:12:cmd_audio_system_start	8	static
../src/audio/audio_system.c:327:6:audio_system_stop	192	dynamic,bounded
../src/audio/audio_system.c:402:12:cmd_audio_system_stop	8	static
../src/audio/audio_system.c:356:5:audio_system_fifo_rx_block_drop	56	static
../src/audio/audio_system.c:374:6:audio_system_init	88	dynamic,bounded
