D:/ncs/v2.3.0/zephyr/subsys/bluetooth/host/adv.c:87:13:ad_stream_is_empty	0	static
D:/ncs/v2.3.0/zephyr/subsys/bluetooth/host/adv.c:101:30:ad_stream_current_ltv_update	8	static
D:/ncs/v2.3.0/zephyr/subsys/bluetooth/host/adv.c:768:13:ad_is_limited	4	static
D:/ncs/v2.3.0/zephyr/subsys/bluetooth/host/adv.c:868:16:get_filter_policy	0	static
D:/ncs/v2.3.0/zephyr/subsys/bluetooth/host/adv.c:884:16:get_adv_channel_map	0	static
D:/ncs/v2.3.0/zephyr/include/zephyr/sys/atomic.h:131:20:atomic_test_bit	0	static
D:/ncs/v2.3.0/zephyr/subsys/bluetooth/host/adv.c:248:30:bt_adv_lookup_handle	8	static
D:/ncs/v2.3.0/zephyr/subsys/bluetooth/host/adv.c:242:13:adv_delete	0	static
D:/ncs/v2.3.0/zephyr/include/zephyr/sys/atomic.h:152:20:atomic_test_and_clear_bit	4	static
D:/ncs/v2.3.0/zephyr/subsys/bluetooth/host/adv.c:59:12:ad_stream_new	8	static
D:/ncs/v2.3.0/zephyr/subsys/bluetooth/host/adv.c:135:16:ad_stream_read	24	static
D:/ncs/v2.3.0/zephyr/subsys/bluetooth/host/adv.c:594:12:hci_set_adv_ext_fragmented	64	static
D:/ncs/v2.3.0/zephyr/include/zephyr/bluetooth/addr.h:126:20:bt_addr_le_copy	0	static
D:/ncs/v2.3.0/zephyr/include/zephyr/bluetooth/addr.h:116:20:bt_addr_copy	0	static
D:/ncs/v2.3.0/zephyr/subsys/bluetooth/host/adv.c:493:12:set_data_add_complete	80	static
D:/ncs/v2.3.0/zephyr/subsys/bluetooth/host/adv.c:556:12:hci_set_adv_ext_complete	40	static
D:/ncs/v2.3.0/zephyr/subsys/bluetooth/host/adv.c:645:12:hci_set_ad_ext	32	static
D:/ncs/v2.3.0/zephyr/subsys/bluetooth/host/adv.c:676:12:set_ad	8	static
D:/ncs/v2.3.0/zephyr/subsys/bluetooth/host/adv.c:688:12:set_sd	8	static
D:/ncs/v2.3.0/zephyr/subsys/bluetooth/host/adv.c:785:12:le_adv_update	72	static
D:/ncs/v2.3.0/zephyr/subsys/bluetooth/host/adv.c:219:30:adv_new	24	static
D:/ncs/v2.3.0/zephyr/subsys/bluetooth/host/adv.c:283:30:adv_get_legacy	8	static
D:/ncs/v2.3.0/zephyr/include/zephyr/sys/atomic.h:237:20:atomic_set_bit_to	0	static
D:/ncs/v2.3.0/zephyr/subsys/bluetooth/host/adv.c:388:13:valid_adv_ext_param	8	static
D:/ncs/v2.3.0/zephyr/subsys/bluetooth/host/adv.c:480:13:valid_adv_param	8	static
D:/ncs/v2.3.0/zephyr/subsys/bluetooth/host/adv.c:903:12:le_adv_start_add_conn	24	static
D:/ncs/v2.3.0/zephyr/subsys/bluetooth/host/adv.c:936:13:le_adv_stop_free_conn	16	static
D:/ncs/v2.3.0/zephyr/subsys/bluetooth/host/adv.c:173:20:get_adv_name_type	8	static
D:/ncs/v2.3.0/zephyr/subsys/bluetooth/host/adv.c:186:20:get_adv_name_type_param	0	static
D:/ncs/v2.3.0/zephyr/subsys/bluetooth/host/adv.c:1107:12:le_ext_adv_param_set	48	static
D:/ncs/v2.3.0/zephyr/subsys/bluetooth/host/adv.c:210:9:bt_le_ext_adv_get_index	8	static
D:/ncs/v2.3.0/zephyr/subsys/bluetooth/host/adv.c:260:6:bt_le_ext_adv_foreach	16	static
D:/ncs/v2.3.0/zephyr/subsys/bluetooth/host/adv.c:274:6:bt_adv_reset_adv_pool	8	static
D:/ncs/v2.3.0/zephyr/subsys/bluetooth/host/adv.c:297:6:bt_le_adv_delete_legacy	0	static
D:/ncs/v2.3.0/zephyr/subsys/bluetooth/host/adv.c:307:23:bt_le_adv_lookup_legacy	0	static
D:/ncs/v2.3.0/zephyr/subsys/bluetooth/host/adv.c:316:5:bt_le_adv_set_enable_legacy	40	static
D:/ncs/v2.3.0/zephyr/subsys/bluetooth/host/adv.c:343:5:bt_le_adv_set_enable_ext	48	static
D:/ncs/v2.3.0/zephyr/subsys/bluetooth/host/adv.c:378:5:bt_le_adv_set_enable	8	static
D:/ncs/v2.3.0/zephyr/subsys/bluetooth/host/adv.c:848:5:bt_le_adv_update_data	48	static
D:/ncs/v2.3.0/zephyr/subsys/bluetooth/host/adv.c:955:5:bt_le_adv_start_legacy	120	static
D:/ncs/v2.3.0/zephyr/subsys/bluetooth/host/adv.c:1340:5:bt_le_lim_adv_cancel_timeout	8	static
D:/ncs/v2.3.0/zephyr/subsys/bluetooth/host/adv.c:1376:5:bt_le_adv_stop	48	static
D:/ncs/v2.3.0/zephyr/subsys/bluetooth/host/adv.c:1440:6:bt_le_adv_resume	24	static
D:/ncs/v2.3.0/zephyr/subsys/bluetooth/host/adv.c:1497:5:bt_le_ext_adv_get_info	0	static
D:/ncs/v2.3.0/zephyr/subsys/bluetooth/host/adv.c:1507:5:bt_le_ext_adv_create	24	static
D:/ncs/v2.3.0/zephyr/subsys/bluetooth/host/adv.c:1540:5:bt_le_ext_adv_update_param	16	static
D:/ncs/v2.3.0/zephyr/subsys/bluetooth/host/adv.c:1632:5:bt_le_ext_adv_stop	16	static
D:/ncs/v2.3.0/zephyr/subsys/bluetooth/host/adv.c:1714:13:adv_timeout	56	dynamic,bounded
D:/ncs/v2.3.0/zephyr/subsys/bluetooth/host/adv.c:1658:5:bt_le_ext_adv_set_data	48	static
D:/ncs/v2.3.0/zephyr/subsys/bluetooth/host/adv.c:1253:5:bt_le_adv_start_ext	80	static
D:/ncs/v2.3.0/zephyr/subsys/bluetooth/host/adv.c:1345:5:bt_le_adv_start	32	static
D:/ncs/v2.3.0/zephyr/subsys/bluetooth/host/adv.c:1571:5:bt_le_ext_adv_start	64	static
D:/ncs/v2.3.0/zephyr/subsys/bluetooth/host/adv.c:1678:5:bt_le_ext_adv_delete	48	static
D:/ncs/v2.3.0/zephyr/subsys/bluetooth/host/adv.c:1929:6:bt_hci_le_adv_set_terminated	56	static
D:/ncs/v2.3.0/zephyr/subsys/bluetooth/host/adv.c:2038:6:bt_hci_le_scan_req_received	56	static
