D:/ncs/v2.3.0/zephyr/include/zephyr/sys/slist.h:401:1:sys_slist_remove	0	static
D:/ncs/v2.3.0/zephyr/include/zephyr/sys/slist.h:417:1:sys_slist_find_and_remove	8	static
D:/ncs/v2.3.0/zephyr/subsys/bluetooth/host/att.c:328:27:get_first_req_matching_chan	0	static
D:/ncs/v2.3.0/zephyr/subsys/bluetooth/host/att.c:915:13:range_is_valid	0	static
D:/ncs/v2.3.0/zephyr/subsys/bluetooth/host/att.c:1228:16:err_to_att	0	static
D:/ncs/v2.3.0/zephyr/subsys/bluetooth/host/att.c:1251:13:attr_read_type_cb	4	static
D:/ncs/v2.3.0/zephyr/subsys/bluetooth/host/att.c:1738:13:attr_read_group_cb	0	static
D:/ncs/v2.3.0/zephyr/subsys/bluetooth/host/att.c:2127:16:att_prepare_write_req	0	static
D:/ncs/v2.3.0/zephyr/subsys/bluetooth/host/att.c:2270:16:att_exec_write_req	0	static
D:/ncs/v2.3.0/zephyr/subsys/bluetooth/host/att.c:2725:19:att_op_get_type	0	static
D:/ncs/v2.3.0/zephyr/subsys/bluetooth/host/att.c:583:24:att_cb	16	static
D:/ncs/v2.3.0/zephyr/subsys/bluetooth/host/att.c:159:36:tx_meta_data_alloc	8	static
D:/ncs/v2.3.0/zephyr/include/zephyr/sys/atomic.h:131:20:atomic_test_bit	0	static
D:/ncs/v2.3.0/zephyr/subsys/bluetooth/host/att.c:2841:23:att_get	64	static
D:/ncs/v2.3.0/zephyr/subsys/bluetooth/host/att.c:2983:13:att_chan_attach	16	static
D:/ncs/v2.3.0/zephyr/subsys/bluetooth/host/att.c:3202:28:att_chan_new	64	dynamic,bounded
D:/ncs/v2.3.0/zephyr/subsys/bluetooth/host/att.c:3290:12:bt_att_accept	64	dynamic,bounded
D:/ncs/v2.3.0/zephyr/subsys/bluetooth/host/att.c:3180:13:bt_att_released	16	static
D:/ncs/v2.3.0/zephyr/subsys/bluetooth/host/att.c:164:20:tx_meta_data_free	8	static
D:/ncs/v2.3.0/zephyr/subsys/bluetooth/host/att.c:492:13:chan_tx_complete	24	static
D:/ncs/v2.3.0/zephyr/subsys/bluetooth/host/att.c:449:13:chan_cfm_sent	8	static
D:/ncs/v2.3.0/zephyr/subsys/bluetooth/host/att.c:463:13:chan_rsp_sent	8	static
D:/ncs/v2.3.0/zephyr/subsys/bluetooth/host/att.c:199:12:chan_send	72	static
D:/ncs/v2.3.0/zephyr/subsys/bluetooth/host/att.c:650:12:bt_att_chan_send	8	static
D:/ncs/v2.3.0/zephyr/subsys/bluetooth/host/att.c:381:12:chan_req_send	16	static
D:/ncs/v2.3.0/zephyr/subsys/bluetooth/host/att.c:789:12:bt_att_chan_req_send	8	static
D:/ncs/v2.3.0/zephyr/subsys/bluetooth/host/att.c:3145:13:bt_att_status	16	static
D:/ncs/v2.3.0/zephyr/subsys/bluetooth/host/att.c:802:13:att_req_send_process	32	static
D:/ncs/v2.3.0/zephyr/subsys/bluetooth/host/att.c:477:13:chan_req_sent	8	static
D:/ncs/v2.3.0/zephyr/subsys/bluetooth/host/att.c:296:24:get_first_buf_matching_chan	8	static
D:/ncs/v2.3.0/zephyr/subsys/bluetooth/host/att.c:360:12:process_queue	16	static
D:/ncs/v2.3.0/zephyr/subsys/bluetooth/host/att.c:408:13:bt_att_sent	24	static
D:/ncs/v2.3.0/zephyr/subsys/bluetooth/host/att.c:663:13:att_send_process	32	static
D:/ncs/v2.3.0/zephyr/subsys/bluetooth/host/att.c:2563:16:att_notify_mult	8	static
D:/ncs/v2.3.0/zephyr/subsys/bluetooth/host/att.c:2530:16:att_notify	16	static
D:/ncs/v2.3.0/zephyr/subsys/bluetooth/host/att.c:689:13:bt_att_chan_send_rsp	16	static
D:/ncs/v2.3.0/zephyr/subsys/bluetooth/host/att.c:3683:13:att_chan_mtu_updated	16	static
D:/ncs/v2.3.0/zephyr/subsys/bluetooth/host/att.c:2337:12:att_change_security	8	static
D:/ncs/v2.3.0/zephyr/subsys/bluetooth/host/att.c:1907:16:write_cb	32	static
D:/ncs/v2.3.0/zephyr/include/zephyr/sys/atomic.h:176:20:atomic_test_and_set_bit	0	static
D:/ncs/v2.3.0/zephyr/subsys/bluetooth/host/att.c:1269:16:att_chan_read	56	static
D:/ncs/v2.3.0/zephyr/subsys/bluetooth/host/att.c:1756:16:read_group_cb	40	static
D:/ncs/v2.3.0/zephyr/subsys/bluetooth/host/att.c:1635:16:read_vl_cb	32	static
D:/ncs/v2.3.0/zephyr/subsys/bluetooth/host/att.c:1467:16:read_cb	32	static
D:/ncs/v2.3.0/zephyr/subsys/bluetooth/host/att.c:1327:16:read_type_cb	40	static
D:/ncs/v2.3.0/zephyr/subsys/bluetooth/host/att.c:1058:16:find_type_cb	192	dynamic,bounded
D:/ncs/v2.3.0/zephyr/subsys/bluetooth/host/att.c:946:16:find_info_cb	32	static
D:/ncs/v2.3.0/zephyr/subsys/bluetooth/host/att.c:3012:13:bt_att_connected	8	static
D:/ncs/v2.3.0/zephyr/subsys/bluetooth/host/att.c:179:6:att_sent	8	static
D:/ncs/v2.3.0/zephyr/subsys/bluetooth/host/att.c:565:13:att_tx_complete	16	static
D:/ncs/v2.3.0/zephyr/subsys/bluetooth/host/att.c:556:13:att_req_sent	16	static
D:/ncs/v2.3.0/zephyr/subsys/bluetooth/host/att.c:538:13:att_cfm_sent	16	static
D:/ncs/v2.3.0/zephyr/subsys/bluetooth/host/att.c:547:13:att_rsp_sent	16	static
D:/ncs/v2.3.0/zephyr/subsys/bluetooth/host/att.c:605:17:bt_att_chan_create_pdu	128	dynamic,bounded
D:/ncs/v2.3.0/zephyr/subsys/bluetooth/host/att.c:2543:16:att_indicate	16	static
D:/ncs/v2.3.0/zephyr/subsys/bluetooth/host/att.c:700:13:send_err_rsp	24	static
D:/ncs/v2.3.0/zephyr/subsys/bluetooth/host/att.c:2774:12:bt_att_recv	128	dynamic,bounded
D:/ncs/v2.3.0/zephyr/subsys/bluetooth/host/att.c:1943:16:att_write_rsp	64	static
D:/ncs/v2.3.0/zephyr/subsys/bluetooth/host/att.c:2285:16:att_write_cmd	32	static
D:/ncs/v2.3.0/zephyr/subsys/bluetooth/host/att.c:1998:16:att_write_req	32	static
D:/ncs/v2.3.0/zephyr/subsys/bluetooth/host/att.c:3064:16:att_req_retry	16	static
D:/ncs/v2.3.0/zephyr/subsys/bluetooth/host/att.c:2864:17:bt_att_create_pdu	64	dynamic,bounded
D:/ncs/v2.3.0/zephyr/subsys/bluetooth/host/att.c:1810:16:att_read_group_rsp	64	static
D:/ncs/v2.3.0/zephyr/subsys/bluetooth/host/att.c:1846:16:att_read_group_req	56	static
D:/ncs/v2.3.0/zephyr/subsys/bluetooth/host/att.c:1678:16:att_read_mult_vl_req	48	static
D:/ncs/v2.3.0/zephyr/subsys/bluetooth/host/att.c:1578:16:att_read_mult_req	48	static
D:/ncs/v2.3.0/zephyr/subsys/bluetooth/host/att.c:1499:16:att_read_rsp	56	static
D:/ncs/v2.3.0/zephyr/subsys/bluetooth/host/att.c:1561:16:att_read_blob_req	16	static
D:/ncs/v2.3.0/zephyr/subsys/bluetooth/host/att.c:1546:16:att_read_req	16	static
D:/ncs/v2.3.0/zephyr/subsys/bluetooth/host/att.c:1386:16:att_read_type_rsp	64	static
D:/ncs/v2.3.0/zephyr/subsys/bluetooth/host/att.c:1424:16:att_read_type_req	48	static
D:/ncs/v2.3.0/zephyr/subsys/bluetooth/host/att.c:1153:16:att_find_type_rsp	64	static
D:/ncs/v2.3.0/zephyr/subsys/bluetooth/host/att.c:1192:16:att_find_type_req	56	static
D:/ncs/v2.3.0/zephyr/subsys/bluetooth/host/att.c:998:16:att_find_info_rsp	48	static
D:/ncs/v2.3.0/zephyr/subsys/bluetooth/host/att.c:1028:16:att_find_info_req	24	static
D:/ncs/v2.3.0/zephyr/subsys/bluetooth/host/att.c:724:16:att_mtu_req	24	static
D:/ncs/v2.3.0/zephyr/subsys/bluetooth/host/att.c:3649:6:bt_att_init	8	static
D:/ncs/v2.3.0/zephyr/subsys/bluetooth/host/att.c:3663:10:bt_att_get_mtu	8	static
D:/ncs/v2.3.0/zephyr/subsys/bluetooth/host/att.c:3707:20:bt_att_req_alloc	24	static
D:/ncs/v2.3.0/zephyr/subsys/bluetooth/host/att.c:3731:6:bt_att_req_free	16	static
D:/ncs/v2.3.0/zephyr/subsys/bluetooth/host/att.c:840:16:att_handle_rsp	72	static
D:/ncs/v2.3.0/zephyr/subsys/bluetooth/host/att.c:2522:16:att_handle_exec_write_rsp	8	static
D:/ncs/v2.3.0/zephyr/subsys/bluetooth/host/att.c:2514:16:att_handle_prepare_write_rsp	8	static
D:/ncs/v2.3.0/zephyr/subsys/bluetooth/host/att.c:2506:16:att_handle_write_rsp	8	static
D:/ncs/v2.3.0/zephyr/subsys/bluetooth/host/att.c:2498:16:att_handle_read_group_rsp	8	static
D:/ncs/v2.3.0/zephyr/subsys/bluetooth/host/att.c:2489:16:att_handle_read_mult_vl_rsp	8	static
D:/ncs/v2.3.0/zephyr/subsys/bluetooth/host/att.c:2478:16:att_handle_read_mult_rsp	8	static
D:/ncs/v2.3.0/zephyr/subsys/bluetooth/host/att.c:2469:16:att_handle_read_blob_rsp	8	static
D:/ncs/v2.3.0/zephyr/subsys/bluetooth/host/att.c:2461:16:att_handle_read_rsp	8	static
D:/ncs/v2.3.0/zephyr/subsys/bluetooth/host/att.c:2453:16:att_handle_read_type_rsp	8	static
D:/ncs/v2.3.0/zephyr/subsys/bluetooth/host/att.c:2445:16:att_handle_find_type_rsp	8	static
D:/ncs/v2.3.0/zephyr/subsys/bluetooth/host/att.c:2437:16:att_handle_find_info_rsp	8	static
D:/ncs/v2.3.0/zephyr/subsys/bluetooth/host/att.c:882:16:att_mtu_rsp	16	static
D:/ncs/v2.3.0/zephyr/subsys/bluetooth/host/att.c:2398:16:att_error_rsp	16	static
D:/ncs/v2.3.0/zephyr/subsys/bluetooth/host/att.c:2573:16:att_confirm	8	static
D:/ncs/v2.3.0/zephyr/subsys/bluetooth/host/att.c:3096:13:bt_att_encrypt_change	16	static
D:/ncs/v2.3.0/zephyr/subsys/bluetooth/host/att.c:2932:13:att_chan_detach	16	static
D:/ncs/v2.3.0/zephyr/subsys/bluetooth/host/att.c:2887:13:att_reset	32	static
D:/ncs/v2.3.0/zephyr/subsys/bluetooth/host/att.c:3038:13:bt_att_disconnected	16	static
D:/ncs/v2.3.0/zephyr/subsys/bluetooth/host/att.c:2954:13:att_timeout	40	static
D:/ncs/v2.3.0/zephyr/subsys/bluetooth/host/att.c:3784:13:bt_att_chan_req_cancel	8	static
D:/ncs/v2.3.0/zephyr/subsys/bluetooth/host/att.c:3744:5:bt_att_send	16	static
D:/ncs/v2.3.0/zephyr/subsys/bluetooth/host/att.c:3764:5:bt_att_req_send	8	static
D:/ncs/v2.3.0/zephyr/subsys/bluetooth/host/att.c:3798:6:bt_att_req_cancel	16	static
D:/ncs/v2.3.0/zephyr/subsys/bluetooth/host/att.c:3827:20:bt_att_find_req_by_user_data	8	static
D:/ncs/v2.3.0/zephyr/subsys/bluetooth/host/att.c:3853:6:bt_att_fixed_chan_only	0	static
D:/ncs/v2.3.0/zephyr/subsys/bluetooth/host/att.c:3862:6:bt_att_clear_out_of_sync_sent	8	static
D:/ncs/v2.3.0/zephyr/subsys/bluetooth/host/att.c:3876:6:bt_att_out_of_sync_sent_on_fixed	8	static
D:/ncs/v2.3.0/zephyr/subsys/bluetooth/host/att.c:3890:6:bt_att_set_tx_meta_data	0	static
D:/ncs/v2.3.0/zephyr/subsys/bluetooth/host/att.c:3901:6:bt_att_increment_tx_meta_data_attr_count	0	static
D:/ncs/v2.3.0/zephyr/subsys/bluetooth/host/att.c:3908:6:bt_att_tx_meta_data_match	4	static
D:/ncs/v2.3.0/zephyr/subsys/bluetooth/host/att.c:3916:6:bt_att_free_tx_meta_data	8	static
D:/ncs/v2.3.0/zephyr/subsys/bluetooth/host/att.c:3921:6:bt_att_chan_opt_valid	8	static
