D:/ncs/v2.3.0/zephyr/include/zephyr/sys/slist.h:401:1:sys_slist_remove	0	static
D:/ncs/v2.3.0/zephyr/include/zephyr/sys/slist.h:417:1:sys_slist_find_and_remove	8	static
D:/ncs/v2.3.0/zephyr/subsys/bluetooth/host/conn_internal.h:304:20:bt_conn_is_handle_valid	0	static
D:/ncs/v2.3.0/zephyr/subsys/bluetooth/host/conn.c:155:27:state2str	0	static
D:/ncs/v2.3.0/zephyr/subsys/bluetooth/host/conn.c:2057:13:reset_pairing	0	static
D:/ncs/v2.3.0/zephyr/subsys/bluetooth/host/conn.c:181:13:tx_free	8	static
D:/ncs/v2.3.0/zephyr/subsys/bluetooth/host/conn.c:189:13:tx_notify	16	static
D:/ncs/v2.3.0/zephyr/subsys/bluetooth/host/conn.c:1280:13:tx_complete_work	8	static
D:/ncs/v2.3.0/zephyr/subsys/bluetooth/host/conn.c:1378:13:notify_disconnected	16	static
D:/ncs/v2.3.0/zephyr/subsys/bluetooth/host/conn.c:55:13:conn_tx_destroy	16	static
D:/ncs/v2.3.0/zephyr/subsys/bluetooth/host/conn.c:1361:13:notify_connected	16	static
D:/ncs/v2.3.0/zephyr/subsys/bluetooth/host/conn.c:2301:27:conn_internal_to_public_state	16	static
D:/ncs/v2.3.0/zephyr/include/zephyr/sys/atomic.h:152:20:atomic_test_and_clear_bit	4	static
D:/ncs/v2.3.0/zephyr/include/zephyr/sys/atomic.h:131:20:atomic_test_bit	0	static
D:/ncs/v2.3.0/zephyr/include/zephyr/sys/atomic.h:237:20:atomic_set_bit_to	0	static
D:/ncs/v2.3.0/zephyr/subsys/bluetooth/host/conn.c:373:27:conn_tx_alloc	8	static
D:/ncs/v2.3.0/zephyr/subsys/bluetooth/host/conn.c:469:12:send_iso	16	static
D:/ncs/v2.3.0/zephyr/subsys/bluetooth/host/conn.c:443:12:send_acl	16	static
D:/ncs/v2.3.0/zephyr/include/zephyr/bluetooth/addr.h:126:20:bt_addr_le_copy	0	static
D:/ncs/v2.3.0/zephyr/subsys/bluetooth/host/conn.c:2423:12:bt_conn_get_tx_power_level	32	static
D:/ncs/v2.3.0/zephyr/subsys/bluetooth/host/conn.c:2110:12:start_security	8	static
D:/ncs/v2.3.0/zephyr/subsys/bluetooth/host/conn.c:119:5:bt_conn_iso_init	8	static
D:/ncs/v2.3.0/zephyr/subsys/bluetooth/host/conn.c:129:15:bt_conn_get_pkts	0	static
D:/ncs/v2.3.0/zephyr/subsys/bluetooth/host/conn.c:500:13:send_frag	72	dynamic,bounded
D:/ncs/v2.3.0/zephyr/subsys/bluetooth/host/conn.c:810:13:process_unack_tx	8	static
D:/ncs/v2.3.0/zephyr/subsys/bluetooth/host/conn.c:227:17:bt_conn_new	16	static
D:/ncs/v2.3.0/zephyr/subsys/bluetooth/host/conn.c:1706:24:acl_conn_new	8	static
D:/ncs/v2.3.0/zephyr/subsys/bluetooth/host/conn.c:255:6:bt_conn_reset_rx_state	8	static
D:/ncs/v2.3.0/zephyr/subsys/bluetooth/host/conn.c:265:13:bt_acl_recv	168	dynamic,bounded
D:/ncs/v2.3.0/zephyr/subsys/bluetooth/host/conn.c:673:13:conn_cleanup	16	static
D:/ncs/v2.3.0/zephyr/subsys/bluetooth/host/conn.c:716:12:conn_prepare_events	16	static
D:/ncs/v2.3.0/zephyr/subsys/bluetooth/host/conn.c:352:6:bt_conn_recv	16	static
D:/ncs/v2.3.0/zephyr/subsys/bluetooth/host/conn.c:396:5:bt_conn_send_cb	104	static
D:/ncs/v2.3.0/zephyr/subsys/bluetooth/host/conn.c:744:5:bt_conn_prepare_events	16	static
D:/ncs/v2.3.0/zephyr/subsys/bluetooth/host/conn.c:1144:17:bt_conn_ref	8	static
D:/ncs/v2.3.0/zephyr/subsys/bluetooth/host/conn.c:1168:6:bt_conn_unref	8	static
D:/ncs/v2.3.0/zephyr/subsys/bluetooth/host/conn.c:1578:24:conn_lookup_iso	16	static
D:/ncs/v2.3.0/zephyr/subsys/bluetooth/host/conn.c:847:17:conn_lookup_handle	24	static
D:/ncs/v2.3.0/zephyr/subsys/bluetooth/host/conn.c:1063:17:bt_conn_lookup_handle	8	static
D:/ncs/v2.3.0/zephyr/subsys/bluetooth/host/conn.c:876:6:bt_conn_set_state	128	dynamic,bounded
D:/ncs/v2.3.0/zephyr/subsys/bluetooth/host/conn.c:700:13:conn_destroy	16	static
D:/ncs/v2.3.0/zephyr/subsys/bluetooth/host/conn.c:1300:12:conn_disconnect	16	static
D:/ncs/v2.3.0/zephyr/subsys/bluetooth/host/conn.c:1091:6:bt_conn_foreach	24	static
D:/ncs/v2.3.0/zephyr/subsys/bluetooth/host/conn.c:711:6:bt_conn_cleanup_all	8	static
D:/ncs/v2.3.0/zephyr/subsys/bluetooth/host/conn.c:1184:9:bt_conn_index	8	static
D:/ncs/v2.3.0/zephyr/subsys/bluetooth/host/conn.c:1224:17:bt_conn_create_pdu_timeout	56	static
D:/ncs/v2.3.0/zephyr/subsys/bluetooth/host/conn.c:1294:6:bt_conn_connected	8	static
D:/ncs/v2.3.0/zephyr/subsys/bluetooth/host/conn.c:1316:5:bt_conn_disconnect	8	static
D:/ncs/v2.3.0/zephyr/subsys/bluetooth/host/conn.c:1422:6:notify_le_param_updated	16	static
D:/ncs/v2.3.0/zephyr/subsys/bluetooth/host/conn.c:1492:6:le_param_req	24	static
D:/ncs/v2.3.0/zephyr/subsys/bluetooth/host/conn.c:1963:6:bt_conn_identity_resolved	16	static
D:/ncs/v2.3.0/zephyr/subsys/bluetooth/host/conn.c:1987:5:bt_conn_le_start_encryption	32	static
D:/ncs/v2.3.0/zephyr/subsys/bluetooth/host/conn.c:2013:9:bt_conn_enc_key_size	0	static
D:/ncs/v2.3.0/zephyr/subsys/bluetooth/host/conn.c:2071:6:bt_conn_security_changed	16	static
D:/ncs/v2.3.0/zephyr/subsys/bluetooth/host/conn.c:2123:5:bt_conn_set_security	16	static
D:/ncs/v2.3.0/zephyr/subsys/bluetooth/host/conn.c:2158:15:bt_conn_get_security	0	static
D:/ncs/v2.3.0/zephyr/subsys/bluetooth/host/conn.c:2169:6:bt_conn_cb_register	0	static
D:/ncs/v2.3.0/zephyr/subsys/bluetooth/host/conn.c:2195:17:bt_conn_add_le	16	static
D:/ncs/v2.3.0/zephyr/subsys/bluetooth/host/conn.c:2216:6:bt_conn_is_peer_addr_le	16	static
D:/ncs/v2.3.0/zephyr/subsys/bluetooth/host/conn.c:2236:17:bt_conn_lookup_addr_le	24	static
D:/ncs/v2.3.0/zephyr/subsys/bluetooth/host/conn.c:2175:6:bt_conn_exists_le	56	dynamic,bounded
D:/ncs/v2.3.0/zephyr/subsys/bluetooth/host/conn.c:2263:17:bt_conn_lookup_state_le	24	static
D:/ncs/v2.3.0/zephyr/subsys/bluetooth/host/conn.c:2296:21:bt_conn_get_dst	0	static
D:/ncs/v2.3.0/zephyr/subsys/bluetooth/host/conn.c:2323:5:bt_conn_get_info	16	static
D:/ncs/v2.3.0/zephyr/subsys/bluetooth/host/conn.c:2386:5:bt_conn_get_remote_info	16	static
D:/ncs/v2.3.0/zephyr/subsys/bluetooth/host/conn.c:2453:5:bt_conn_le_get_tx_power_level	16	static
D:/ncs/v2.3.0/zephyr/subsys/bluetooth/host/conn.c:2845:5:bt_conn_le_conn_update	16	static
D:/ncs/v2.3.0/zephyr/subsys/bluetooth/host/conn.c:1538:12:send_conn_le_param_update	16	static
D:/ncs/v2.3.0/zephyr/subsys/bluetooth/host/conn.c:1600:13:deferred_work	72	dynamic,bounded
D:/ncs/v2.3.0/zephyr/subsys/bluetooth/host/conn.c:2476:5:bt_conn_le_param_update	16	static
D:/ncs/v2.3.0/zephyr/subsys/bluetooth/host/conn.c:2873:17:bt_conn_create_frag_timeout	8	static
D:/ncs/v2.3.0/zephyr/subsys/bluetooth/host/conn.c:595:24:create_frag	24	static
D:/ncs/v2.3.0/zephyr/subsys/bluetooth/host/conn.c:631:13:send_buf	16	static
D:/ncs/v2.3.0/zephyr/subsys/bluetooth/host/conn.c:779:6:bt_conn_process_tx	16	static
D:/ncs/v2.3.0/zephyr/subsys/bluetooth/host/conn.c:2891:5:bt_conn_auth_cb_register	0	static
D:/ncs/v2.3.0/zephyr/subsys/bluetooth/host/conn.c:2919:5:bt_conn_auth_cb_overlay	8	static
D:/ncs/v2.3.0/zephyr/subsys/bluetooth/host/conn.c:2938:5:bt_conn_auth_info_cb_register	0	static
D:/ncs/v2.3.0/zephyr/subsys/bluetooth/host/conn.c:2949:5:bt_conn_auth_info_cb_unregister	8	static
D:/ncs/v2.3.0/zephyr/subsys/bluetooth/host/conn.c:2962:5:bt_conn_auth_passkey_entry	8	static
D:/ncs/v2.3.0/zephyr/subsys/bluetooth/host/conn.c:2979:5:bt_conn_auth_passkey_confirm	8	static
D:/ncs/v2.3.0/zephyr/subsys/bluetooth/host/conn.c:2996:5:bt_conn_auth_cancel	8	static
D:/ncs/v2.3.0/zephyr/subsys/bluetooth/host/conn.c:3013:5:bt_conn_auth_pairing_confirm	8	static
D:/ncs/v2.3.0/zephyr/subsys/bluetooth/host/conn.c:3031:17:bt_conn_lookup_index	8	static
D:/ncs/v2.3.0/zephyr/subsys/bluetooth/host/conn.c:3040:5:bt_conn_init	8	static
