D:/ncs/v2.3.0/zephyr/include/zephyr/sys/slist.h:358:1:sys_slist_insert	0	static
D:/ncs/v2.3.0/zephyr/include/zephyr/sys/slist.h:401:1:sys_slist_remove	0	static
D:/ncs/v2.3.0/zephyr/include/zephyr/sys/slist.h:417:1:sys_slist_find_and_remove	8	static
D:/ncs/v2.3.0/zephyr/include/zephyr/sys/byteorder.h:554:20:sys_mem_swap	4	static
D:/ncs/v2.3.0/zephyr/subsys/bluetooth/host/gatt.c:426:13:update_range	4	static
D:/ncs/v2.3.0/zephyr/subsys/bluetooth/host/gatt.c:582:13:cf_set_value	8	static
D:/ncs/v2.3.0/zephyr/subsys/bluetooth/host/gatt.c:1044:16:found_attr	0	static
D:/ncs/v2.3.0/zephyr/subsys/bluetooth/host/gatt.c:1063:13:gatt_insert	8	static
D:/ncs/v2.3.0/zephyr/subsys/bluetooth/host/gatt.c:1249:13:gatt_ccc_conn_queue_is_empty	0	static
D:/ncs/v2.3.0/zephyr/subsys/bluetooth/host/gatt.c:1850:16:find_next	0	static
D:/ncs/v2.3.0/zephyr/subsys/bluetooth/host/gatt.c:1909:13:gatt_ccc_changed	8	static
D:/ncs/v2.3.0/zephyr/subsys/bluetooth/host/gatt.c:2293:13:gatt_indicate_rsp	8	static
D:/ncs/v2.3.0/zephyr/subsys/bluetooth/host/gatt.c:2563:16:match_uuid	0	static
D:/ncs/v2.3.0/zephyr/subsys/bluetooth/host/gatt.c:3207:13:gatt_sub_is_empty	0	static
D:/ncs/v2.3.0/zephyr/subsys/bluetooth/host/gatt.c:3301:13:check_subscribe_security_level	0	static
D:/ncs/v2.3.0/zephyr/subsys/bluetooth/host/gatt.c:3424:13:gatt_mtu_rsp	8	static
D:/ncs/v2.3.0/zephyr/subsys/bluetooth/host/gatt.c:3866:17:parse_read_std_char_desc	64	static
D:/ncs/v2.3.0/zephyr/subsys/bluetooth/host/gatt.c:4488:13:gatt_read_mult_rsp	24	static
D:/ncs/v2.3.0/zephyr/subsys/bluetooth/host/gatt.c:4655:13:gatt_write_rsp	8	static
D:/ncs/v2.3.0/zephyr/subsys/bluetooth/host/gatt.c:5412:12:ccc_set_cb	0	static
D:/ncs/v2.3.0/zephyr/subsys/bluetooth/host/gatt.c:1282:13:bt_gatt_service_init	8	static
D:/ncs/v2.3.0/zephyr/subsys/bluetooth/host/gatt.c:686:16:gen_hash_m	56	static
D:/ncs/v2.3.0/zephyr/subsys/bluetooth/host/gatt.c:4009:17:parse_service	120	dynamic,bounded
D:/ncs/v2.3.0/zephyr/subsys/bluetooth/host/gatt.c:5852:12:db_hash_set	64	dynamic,bounded
D:/ncs/v2.3.0/zephyr/subsys/bluetooth/host/gatt.c:761:13:db_hash_store	56	dynamic,bounded
D:/ncs/v2.3.0/zephyr/subsys/bluetooth/host/gatt.c:548:28:find_cf_cfg	16	static
D:/ncs/v2.3.0/zephyr/subsys/bluetooth/host/gatt.c:313:28:find_sc_cfg	16	static
D:/ncs/v2.3.0/zephyr/subsys/bluetooth/host/gatt.c:1870:32:find_ccc_cfg	24	static
D:/ncs/v2.3.0/zephyr/subsys/bluetooth/host/gatt.c:3237:25:gatt_sub_find	16	static
D:/ncs/v2.3.0/zephyr/subsys/bluetooth/host/gatt.c:3270:25:gatt_sub_find_by_addr	24	static
D:/ncs/v2.3.0/zephyr/subsys/bluetooth/host/gatt.c:5247:32:ccc_find_cfg	24	static
D:/ncs/v2.3.0/zephyr/subsys/bluetooth/host/gatt.c:5619:16:ccc_save	16	static
D:/ncs/v2.3.0/zephyr/subsys/bluetooth/host/gatt.c:5594:28:find_cf_cfg_by_addr	16	static
D:/ncs/v2.3.0/zephyr/subsys/bluetooth/host/gatt.c:5983:25:find_gatt_sub	24	static
D:/ncs/v2.3.0/zephyr/include/zephyr/sys/atomic.h:131:20:atomic_test_bit	0	static
D:/ncs/v2.3.0/zephyr/include/zephyr/sys/atomic.h:176:20:atomic_test_and_set_bit	0	static
D:/ncs/v2.3.0/zephyr/include/zephyr/bluetooth/addr.h:126:20:bt_addr_le_copy	0	static
D:/ncs/v2.3.0/zephyr/subsys/bluetooth/host/gatt.c:609:16:cf_write	56	static
D:/ncs/v2.3.0/zephyr/subsys/bluetooth/host/gatt.c:973:16:convert_to_id_on_match	24	static
D:/ncs/v2.3.0/zephyr/subsys/bluetooth/host/gatt.c:1207:13:clear_ccc_cfg	8	static
D:/ncs/v2.3.0/zephyr/subsys/bluetooth/host/gatt.c:5272:13:ccc_clear	8	static
D:/ncs/v2.3.0/zephyr/subsys/bluetooth/host/gatt.c:3254:25:gatt_sub_add	16	static
D:/ncs/v2.3.0/zephyr/subsys/bluetooth/host/gatt.c:3214:13:gatt_sub_free	8	static
D:/ncs/v2.3.0/zephyr/subsys/bluetooth/host/gatt.c:3220:13:gatt_sub_remove	24	static
D:/ncs/v2.3.0/zephyr/subsys/bluetooth/host/gatt.c:5997:13:bt_gatt_clear_subscriptions	16	static
D:/ncs/v2.3.0/zephyr/subsys/bluetooth/host/gatt.c:3284:25:gatt_sub_add_by_addr	16	static
D:/ncs/v2.3.0/zephyr/subsys/bluetooth/host/gatt.c:5287:16:ccc_load	16	static
D:/ncs/v2.3.0/zephyr/subsys/bluetooth/host/gatt.c:3388:13:gatt_sub_update	8	static
D:/ncs/v2.3.0/zephyr/subsys/bluetooth/host/gatt.c:3398:13:remove_subscriptions	24	static
D:/ncs/v2.3.0/zephyr/subsys/bluetooth/host/gatt.c:327:13:sc_store	96	dynamic,bounded
D:/ncs/v2.3.0/zephyr/subsys/bluetooth/host/gatt.c:449:13:sc_save	56	static
D:/ncs/v2.3.0/zephyr/subsys/bluetooth/host/gatt.c:918:12:bt_gatt_store_cf	104	dynamic,bounded
D:/ncs/v2.3.0/zephyr/subsys/bluetooth/host/gatt.c:353:13:clear_sc_cfg	0	static
D:/ncs/v2.3.0/zephyr/subsys/bluetooth/host/gatt.c:358:12:bt_gatt_clear_sc	104	dynamic,bounded
D:/ncs/v2.3.0/zephyr/subsys/bluetooth/host/gatt.c:396:13:sc_clear	64	dynamic,bounded
D:/ncs/v2.3.0/zephyr/subsys/bluetooth/host/gatt.c:486:16:sc_ccc_cfg_write	8	static
D:/ncs/v2.3.0/zephyr/subsys/bluetooth/host/gatt.c:415:13:sc_reset	8	static
D:/ncs/v2.3.0/zephyr/subsys/bluetooth/host/gatt.c:5899:16:remove_peer_from_attr	8	static
D:/ncs/v2.3.0/zephyr/subsys/bluetooth/host/gatt.c:2933:13:sc_restore_rsp	16	static
D:/ncs/v2.3.0/zephyr/subsys/bluetooth/host/gatt.c:1345:13:sc_indicate	8	static
D:/ncs/v2.3.0/zephyr/subsys/bluetooth/host/gatt.c:1137:13:sc_indicate_rsp	8	static
D:/ncs/v2.3.0/zephyr/subsys/bluetooth/host/gatt.c:4901:13:gatt_write_ccc_rsp	56	static
D:/ncs/v2.3.0/zephyr/subsys/bluetooth/host/gatt.c:5769:12:sc_commit	8	static
D:/ncs/v2.3.0/zephyr/include/zephyr/sys/atomic.h:152:20:atomic_test_and_clear_bit	4	static
D:/ncs/v2.3.0/zephyr/subsys/bluetooth/host/gatt.c:1601:16:get_service_handles	24	static
D:/ncs/v2.3.0/zephyr/subsys/bluetooth/host/gatt.c:1734:16:gatt_foreach_iter	16	static
D:/ncs/v2.3.0/zephyr/subsys/bluetooth/host/gatt.c:1774:13:foreach_attr_type_dyndb	64	static
D:/ncs/v2.3.0/zephyr/subsys/bluetooth/host/gatt.c:3785:17:parse_characteristic	128	dynamic,bounded
D:/ncs/v2.3.0/zephyr/subsys/bluetooth/host/gatt.c:5868:12:db_hash_commit	64	dynamic,bounded
D:/ncs/v2.3.0/zephyr/subsys/bluetooth/host/gatt.c:3073:16:disconnected_cb	40	static
D:/ncs/v2.3.0/zephyr/subsys/bluetooth/host/gatt.c:1376:13:db_changed	16	static
D:/ncs/v2.3.0/zephyr/subsys/bluetooth/host/gatt.c:1220:13:gatt_ccc_conn_is_queued	8	static
D:/ncs/v2.3.0/zephyr/subsys/bluetooth/host/gatt.c:1225:13:gatt_ccc_conn_unqueue	8	static
D:/ncs/v2.3.0/zephyr/subsys/bluetooth/host/gatt.c:1235:13:gatt_ccc_conn_enqueue	16	static
D:/ncs/v2.3.0/zephyr/subsys/bluetooth/host/gatt.c:1931:9:bt_gatt_attr_write_ccc	64	static
D:/ncs/v2.3.0/zephyr/subsys/bluetooth/host/gatt.c:2308:27:gatt_req_alloc	24	static
D:/ncs/v2.3.0/zephyr/subsys/bluetooth/host/gatt.c:2333:12:gatt_req_send	40	static
D:/ncs/v2.3.0/zephyr/subsys/bluetooth/host/gatt.c:3596:12:gatt_find_type	72	dynamic,bounded
D:/ncs/v2.3.0/zephyr/subsys/bluetooth/host/gatt.c:4135:12:gatt_read_group	24	static
D:/ncs/v2.3.0/zephyr/subsys/bluetooth/host/gatt.c:3999:12:gatt_read_type	24	static
D:/ncs/v2.3.0/zephyr/subsys/bluetooth/host/gatt.c:3682:12:read_included_uuid	24	static
D:/ncs/v2.3.0/zephyr/subsys/bluetooth/host/gatt.c:3692:17:parse_include	128	dynamic,bounded
D:/ncs/v2.3.0/zephyr/subsys/bluetooth/host/gatt.c:4275:12:gatt_find_info	24	static
D:/ncs/v2.3.0/zephyr/subsys/bluetooth/host/gatt.c:4475:12:gatt_read_uuid	24	static
D:/ncs/v2.3.0/zephyr/subsys/bluetooth/host/gatt.c:4592:12:gatt_read_mult_vl	24	static
D:/ncs/v2.3.0/zephyr/subsys/bluetooth/host/gatt.c:4519:12:gatt_read_mult	24	static
D:/ncs/v2.3.0/zephyr/subsys/bluetooth/host/gatt.c:4445:12:gatt_read_blob	24	static
D:/ncs/v2.3.0/zephyr/subsys/bluetooth/host/gatt.c:4747:12:gatt_cancel_all_writes	24	static
D:/ncs/v2.3.0/zephyr/subsys/bluetooth/host/gatt.c:4726:12:gatt_exec_write	24	static
D:/ncs/v2.3.0/zephyr/subsys/bluetooth/host/gatt.c:4956:12:gatt_write_ccc	24	static
D:/ncs/v2.3.0/zephyr/subsys/bluetooth/host/gatt.c:5207:13:add_subscriptions	16	static
D:/ncs/v2.3.0/zephyr/subsys/bluetooth/host/gatt.c:3432:12:gatt_exchange_mtu_encode	8	static
D:/ncs/v2.3.0/zephyr/subsys/bluetooth/host/gatt.c:3670:12:read_included_uuid_encode	8	static
D:/ncs/v2.3.0/zephyr/subsys/bluetooth/host/gatt.c:4262:12:gatt_find_info_encode	8	static
D:/ncs/v2.3.0/zephyr/subsys/bluetooth/host/gatt.c:4612:12:gatt_read_encode	8	static
D:/ncs/v2.3.0/zephyr/subsys/bluetooth/host/gatt.c:4432:12:gatt_read_blob_encode	8	static
D:/ncs/v2.3.0/zephyr/subsys/bluetooth/host/gatt.c:4737:12:gatt_cancel_encode	8	static
D:/ncs/v2.3.0/zephyr/subsys/bluetooth/host/gatt.c:4716:12:gatt_exec_encode	8	static
D:/ncs/v2.3.0/zephyr/subsys/bluetooth/host/gatt.c:4841:12:gatt_prepare_write	32	static
D:/ncs/v2.3.0/zephyr/subsys/bluetooth/host/gatt.c:4539:13:gatt_read_mult_vl_rsp	48	static
D:/ncs/v2.3.0/zephyr/subsys/bluetooth/host/gatt.c:4116:12:gatt_read_group_encode	16	static
D:/ncs/v2.3.0/zephyr/subsys/bluetooth/host/gatt.c:3973:12:gatt_read_type_encode	16	static
D:/ncs/v2.3.0/zephyr/subsys/bluetooth/host/gatt.c:4579:12:gatt_read_mult_vl_encode	16	static
D:/ncs/v2.3.0/zephyr/subsys/bluetooth/host/gatt.c:4506:12:gatt_read_mult_encode	16	static
D:/ncs/v2.3.0/zephyr/subsys/bluetooth/host/gatt.c:4942:12:gatt_write_ccc_buf	16	static
D:/ncs/v2.3.0/zephyr/subsys/bluetooth/host/gatt.c:3562:12:gatt_find_type_encode	16	static
D:/ncs/v2.3.0/zephyr/subsys/bluetooth/host/gatt.c:4456:12:gatt_read_uuid_encode	16	static
D:/ncs/v2.3.0/zephyr/subsys/bluetooth/host/gatt.c:4858:12:gatt_write_encode	32	static
D:/ncs/v2.3.0/zephyr/subsys/bluetooth/host/gatt.c:4820:12:gatt_prepare_write_encode	32	static
D:/ncs/v2.3.0/zephyr/subsys/bluetooth/host/gatt.c:5700:12:sc_set	200	dynamic,bounded
D:/ncs/v2.3.0/zephyr/subsys/bluetooth/host/gatt.c:540:13:clear_cf_cfg	8	static
D:/ncs/v2.3.0/zephyr/subsys/bluetooth/host/gatt.c:5785:12:cf_set	200	dynamic,bounded
D:/ncs/v2.3.0/zephyr/subsys/bluetooth/host/gatt.c:5952:12:bt_gatt_clear_cf	64	static
D:/ncs/v2.3.0/zephyr/subsys/bluetooth/host/gatt.c:880:13:remove_cf_cfg	16	static
D:/ncs/v2.3.0/zephyr/subsys/bluetooth/host/gatt.c:1293:6:bt_gatt_init	8	static
D:/ncs/v2.3.0/zephyr/subsys/bluetooth/host/gatt.c:1370:6:bt_gatt_cb_register	0	static
D:/ncs/v2.3.0/zephyr/subsys/bluetooth/host/gatt.c:1540:6:bt_gatt_service_is_registered	8	static
D:/ncs/v2.3.0/zephyr/subsys/bluetooth/host/gatt.c:1559:9:bt_gatt_attr_read	8	static
D:/ncs/v2.3.0/zephyr/subsys/bluetooth/host/gatt.c:126:16:read_appearance	48	static
D:/ncs/v2.3.0/zephyr/subsys/bluetooth/host/gatt.c:92:16:read_name	40	static
D:/ncs/v2.3.0/zephyr/subsys/bluetooth/host/gatt.c:567:16:cf_read	48	static
D:/ncs/v2.3.0/zephyr/subsys/bluetooth/host/gatt.c:1578:9:bt_gatt_attr_read_service	40	static
D:/ncs/v2.3.0/zephyr/subsys/bluetooth/host/gatt.c:1889:9:bt_gatt_attr_read_ccc	48	static
D:/ncs/v2.3.0/zephyr/subsys/bluetooth/host/gatt.c:1617:10:bt_gatt_attr_get_handle	16	static
D:/ncs/v2.3.0/zephyr/subsys/bluetooth/host/gatt.c:1686:10:bt_gatt_attr_value_handle	16	static
D:/ncs/v2.3.0/zephyr/subsys/bluetooth/host/gatt.c:1703:9:bt_gatt_attr_read_chrc	64	static
D:/ncs/v2.3.0/zephyr/subsys/bluetooth/host/gatt.c:1811:6:bt_gatt_foreach_attr_type	72	static
D:/ncs/v2.3.0/zephyr/subsys/bluetooth/host/gatt.c:773:13:db_hash_gen	376	static
D:/ncs/v2.3.0/zephyr/subsys/bluetooth/host/gatt.c:849:16:db_hash_read	40	static
D:/ncs/v2.3.0/zephyr/subsys/bluetooth/host/gatt.c:813:13:db_hash_process	8	static
D:/ncs/v2.3.0/zephyr/subsys/bluetooth/host/gatt.c:1054:35:find_attr	32	static
D:/ncs/v2.3.0/zephyr/subsys/bluetooth/host/gatt.c:1087:12:gatt_register	72	dynamic,bounded
D:/ncs/v2.3.0/zephyr/subsys/bluetooth/host/gatt.c:1469:5:bt_gatt_service_register	24	static
D:/ncs/v2.3.0/zephyr/subsys/bluetooth/host/gatt.c:1647:9:bt_gatt_attr_read_included	56	static
D:/ncs/v2.3.0/zephyr/subsys/bluetooth/host/gatt.c:5346:12:ccc_set	392	dynamic,bounded
D:/ncs/v2.3.0/zephyr/subsys/bluetooth/host/gatt.c:5425:12:ccc_set_direct	48	static
D:/ncs/v2.3.0/zephyr/subsys/bluetooth/host/gatt.c:5922:12:bt_gatt_clear_ccc	80	static
D:/ncs/v2.3.0/zephyr/subsys/bluetooth/host/gatt.c:2574:13:gatt_find_by_uuid	24	static
D:/ncs/v2.3.0/zephyr/subsys/bluetooth/host/gatt.c:1860:22:bt_gatt_attr_next	32	static
D:/ncs/v2.3.0/zephyr/subsys/bluetooth/host/gatt.c:2013:9:bt_gatt_attr_read_cep	32	static
D:/ncs/v2.3.0/zephyr/subsys/bluetooth/host/gatt.c:2024:9:bt_gatt_attr_read_cud	40	static
D:/ncs/v2.3.0/zephyr/subsys/bluetooth/host/gatt.c:2042:9:bt_gatt_attr_read_cpf	32	static
D:/ncs/v2.3.0/zephyr/subsys/bluetooth/host/gatt.c:2585:22:bt_gatt_find_by_uuid	40	static
D:/ncs/v2.3.0/zephyr/subsys/bluetooth/host/gatt.c:2883:10:bt_gatt_get_mtu	8	static
D:/ncs/v2.3.0/zephyr/subsys/bluetooth/host/gatt.c:2888:9:bt_gatt_check_perm	16	static
D:/ncs/v2.3.0/zephyr/subsys/bluetooth/host/gatt.c:3144:6:bt_gatt_is_subscribed	56	static
D:/ncs/v2.3.0/zephyr/subsys/bluetooth/host/gatt.c:2377:12:gatt_indicate	120	static
D:/ncs/v2.3.0/zephyr/subsys/bluetooth/host/gatt.c:2824:5:bt_gatt_indicate	64	static
D:/ncs/v2.3.0/zephyr/subsys/bluetooth/host/gatt.c:1172:13:sc_process	24	static
D:/ncs/v2.3.0/zephyr/subsys/bluetooth/host/gatt.c:2971:13:sc_restore	40	static
D:/ncs/v2.3.0/zephyr/subsys/bluetooth/host/gatt.c:3009:16:update_ccc	80	dynamic,bounded
D:/ncs/v2.3.0/zephyr/subsys/bluetooth/host/gatt.c:2227:12:gatt_notify	112	static
D:/ncs/v2.3.0/zephyr/subsys/bluetooth/host/gatt.c:2600:5:bt_gatt_notify_cb	64	static
D:/ncs/v2.3.0/zephyr/subsys/bluetooth/host/gatt.c:2456:16:notify_cb	72	static
D:/ncs/v2.3.0/zephyr/subsys/bluetooth/host/gatt.c:3448:5:bt_gatt_exchange_mtu	32	static
D:/ncs/v2.3.0/zephyr/subsys/bluetooth/host/gatt.c:4286:5:bt_gatt_discover	96	dynamic,bounded
D:/ncs/v2.3.0/zephyr/subsys/bluetooth/host/gatt.c:3476:13:gatt_discover_next	16	static
D:/ncs/v2.3.0/zephyr/subsys/bluetooth/host/gatt.c:3506:13:gatt_find_type_rsp	64	static
D:/ncs/v2.3.0/zephyr/subsys/bluetooth/host/gatt.c:4094:13:gatt_read_group_rsp	16	static
D:/ncs/v2.3.0/zephyr/subsys/bluetooth/host/gatt.c:3944:13:gatt_read_type_rsp	16	static
D:/ncs/v2.3.0/zephyr/subsys/bluetooth/host/gatt.c:3620:13:read_included_uuid_cb	112	dynamic,bounded
D:/ncs/v2.3.0/zephyr/subsys/bluetooth/host/gatt.c:4147:13:gatt_find_info_rsp	136	dynamic,bounded
D:/ncs/v2.3.0/zephyr/subsys/bluetooth/host/gatt.c:4998:12:gatt_ccc_discover	16	static
D:/ncs/v2.3.0/zephyr/subsys/bluetooth/host/gatt.c:4623:5:bt_gatt_read	24	static
D:/ncs/v2.3.0/zephyr/subsys/bluetooth/host/gatt.c:4339:13:parse_read_by_uuid	72	static
D:/ncs/v2.3.0/zephyr/subsys/bluetooth/host/gatt.c:4392:13:gatt_read_rsp	32	static
D:/ncs/v2.3.0/zephyr/subsys/bluetooth/host/gatt.c:4665:5:bt_gatt_write_without_response_cb	88	dynamic,bounded
D:/ncs/v2.3.0/zephyr/subsys/bluetooth/host/gatt.c:4876:5:bt_gatt_write	32	static
D:/ncs/v2.3.0/zephyr/subsys/bluetooth/host/gatt.c:4758:13:gatt_prepare_write_rsp	80	static
D:/ncs/v2.3.0/zephyr/subsys/bluetooth/host/gatt.c:5027:5:bt_gatt_subscribe	24	static
D:/ncs/v2.3.0/zephyr/subsys/bluetooth/host/gatt.c:4969:16:gatt_ccc_discover_cb	24	static
D:/ncs/v2.3.0/zephyr/subsys/bluetooth/host/gatt.c:5094:5:bt_gatt_resubscribe	8	static
D:/ncs/v2.3.0/zephyr/subsys/bluetooth/host/gatt.c:5187:6:bt_gatt_cancel	24	static
D:/ncs/v2.3.0/zephyr/subsys/bluetooth/host/gatt.c:5122:5:bt_gatt_unsubscribe	24	static
D:/ncs/v2.3.0/zephyr/subsys/bluetooth/host/gatt.c:3310:6:bt_gatt_notification	32	static
D:/ncs/v2.3.0/zephyr/subsys/bluetooth/host/gatt.c:3337:6:bt_gatt_mult_notification	96	dynamic,bounded
D:/ncs/v2.3.0/zephyr/subsys/bluetooth/host/gatt.c:5444:6:bt_gatt_connected	120	dynamic,bounded
D:/ncs/v2.3.0/zephyr/subsys/bluetooth/host/gatt.c:5514:6:bt_gatt_att_max_mtu_changed	24	static
D:/ncs/v2.3.0/zephyr/subsys/bluetooth/host/gatt.c:5525:6:bt_gatt_encrypt_change	32	static
D:/ncs/v2.3.0/zephyr/subsys/bluetooth/host/gatt.c:5537:6:bt_gatt_change_aware	24	static
D:/ncs/v2.3.0/zephyr/subsys/bluetooth/host/gatt.c:5648:5:bt_gatt_store_ccc	320	dynamic,bounded
D:/ncs/v2.3.0/zephyr/subsys/bluetooth/host/gatt.c:1260:13:ccc_delayed_store	24	static
D:/ncs/v2.3.0/zephyr/subsys/bluetooth/host/gatt.c:998:13:bt_gatt_identity_resolved	32	static
D:/ncs/v2.3.0/zephyr/subsys/bluetooth/host/gatt.c:1419:13:gatt_unregister_ccc	32	static
D:/ncs/v2.3.0/zephyr/subsys/bluetooth/host/gatt.c:1452:12:gatt_unregister	16	static
D:/ncs/v2.3.0/zephyr/subsys/bluetooth/host/gatt.c:1510:5:bt_gatt_service_unregister	16	static
D:/ncs/v2.3.0/zephyr/subsys/bluetooth/host/gatt.c:6015:5:bt_gatt_clear	16	static
D:/ncs/v2.3.0/zephyr/subsys/bluetooth/host/gatt.c:6045:6:bt_gatt_disconnected	40	static
