D:/ncs/v2.3.0/zephyr/subsys/bluetooth/host/id.c:67:13:adv_id_check_func	0	static
D:/ncs/v2.3.0/zephyr/include/zephyr/sys/atomic.h:131:20:atomic_test_bit	0	static
D:/ncs/v2.3.0/zephyr/subsys/bluetooth/host/id.c:97:13:adv_is_limited_enabled	16	static
D:/ncs/v2.3.0/zephyr/subsys/bluetooth/host/id.c:825:13:bt_id_pending_keys_update_set	0	static
D:/ncs/v2.3.0/zephyr/include/zephyr/bluetooth/addr.h:116:20:bt_addr_copy	0	static
D:/ncs/v2.3.0/zephyr/include/zephyr/bluetooth/addr.h:126:20:bt_addr_le_copy	0	static
D:/ncs/v2.3.0/zephyr/subsys/bluetooth/host/id.c:1028:12:hci_id_del	16	static
D:/ncs/v2.3.0/zephyr/subsys/bluetooth/host/id.c:781:12:hci_id_add	24	static
D:/ncs/v2.3.0/zephyr/subsys/bluetooth/host/id.c:1021:13:keys_add_id	8	static
D:/ncs/v2.3.0/zephyr/subsys/bluetooth/host/id.c:1162:12:id_find	16	static
D:/ncs/v2.3.0/zephyr/subsys/bluetooth/host/id.c:123:12:set_random_address	16	static
D:/ncs/v2.3.0/zephyr/subsys/bluetooth/host/id.c:276:13:le_rpa_timeout_submit	8	static
D:/ncs/v2.3.0/zephyr/subsys/bluetooth/host/id.c:201:13:adv_rpa_expired	16	static
D:/ncs/v2.3.0/zephyr/subsys/bluetooth/host/id.c:217:13:adv_rpa_invalidate	16	static
D:/ncs/v2.3.0/zephyr/include/zephyr/sys/atomic.h:152:20:atomic_test_and_clear_bit	4	static
D:/ncs/v2.3.0/zephyr/subsys/bluetooth/host/id.c:854:6:find_rl_conflict	40	static
D:/ncs/v2.3.0/zephyr/subsys/bluetooth/host/id.c:464:13:le_adv_rpa_timeout	16	static
D:/ncs/v2.3.0/zephyr/subsys/bluetooth/host/id.c:228:13:le_rpa_invalidate	8	static
D:/ncs/v2.3.0/zephyr/subsys/bluetooth/host/id.c:115:13:adv_unpause_enabled	8	static
D:/ncs/v2.3.0/zephyr/subsys/bluetooth/host/id.c:107:13:adv_pause_enabled	16	static
D:/ncs/v2.3.0/zephyr/subsys/bluetooth/host/id.c:732:12:le_set_privacy_mode	48	static
D:/ncs/v2.3.0/zephyr/subsys/bluetooth/host/id.c:764:12:addr_res_enable	16	static
D:/ncs/v2.3.0/zephyr/subsys/bluetooth/host/id.c:1175:12:id_create	40	static
D:/ncs/v2.3.0/zephyr/subsys/bluetooth/host/id.c:1381:13:bt_read_identity_root	0	static
D:/ncs/v2.3.0/zephyr/subsys/bluetooth/host/id.c:444:13:adv_pause_rpa	64	dynamic,bounded
D:/ncs/v2.3.0/zephyr/subsys/bluetooth/host/id.h:10:20:bt_id_rpa_is_new	8	static
D:/ncs/v2.3.0/zephyr/subsys/bluetooth/host/id.c:46:21:bt_lookup_id_addr	8	static
D:/ncs/v2.3.0/zephyr/subsys/bluetooth/host/id.c:152:5:bt_id_set_adv_random_addr	16	static
D:/ncs/v2.3.0/zephyr/subsys/bluetooth/host/id.c:286:5:bt_id_set_private_addr	16	static
D:/ncs/v2.3.0/zephyr/subsys/bluetooth/host/id.c:499:13:le_update_private_addr	56	dynamic,bounded
D:/ncs/v2.3.0/zephyr/subsys/bluetooth/host/id.c:567:13:le_force_rpa_timeout	48	static
D:/ncs/v2.3.0/zephyr/subsys/bluetooth/host/id.c:580:13:rpa_timeout	8	static
D:/ncs/v2.3.0/zephyr/subsys/bluetooth/host/id.c:321:5:bt_id_set_adv_private_addr	24	static
D:/ncs/v2.3.0/zephyr/subsys/bluetooth/host/id.c:482:13:adv_enable_rpa	96	dynamic,bounded
D:/ncs/v2.3.0/zephyr/subsys/bluetooth/host/id.c:612:6:bt_id_scan_random_addr_check	0	static
D:/ncs/v2.3.0/zephyr/subsys/bluetooth/host/id.c:659:6:bt_id_adv_random_addr_check	0	static
D:/ncs/v2.3.0/zephyr/subsys/bluetooth/host/id.c:726:6:bt_id_adv_limited_stopped	8	static
D:/ncs/v2.3.0/zephyr/subsys/bluetooth/host/id.c:831:6:bt_id_pending_keys_update	8	static
D:/ncs/v2.3.0/zephyr/subsys/bluetooth/host/id.c:886:17:bt_id_find_conflict	16	static
D:/ncs/v2.3.0/zephyr/subsys/bluetooth/host/id.c:897:6:bt_id_add	144	static
D:/ncs/v2.3.0/zephyr/subsys/bluetooth/host/id.c:1046:6:bt_id_del	88	dynamic,bounded
D:/ncs/v2.3.0/zephyr/subsys/bluetooth/host/id.c:810:13:pending_id_update	8	static
D:/ncs/v2.3.0/zephyr/subsys/bluetooth/host/id.c:1150:6:bt_id_get	16	static
D:/ncs/v2.3.0/zephyr/subsys/bluetooth/host/id.c:1231:5:bt_id_create	56	static
D:/ncs/v2.3.0/zephyr/subsys/bluetooth/host/id.c:1280:5:bt_id_reset	48	static
D:/ncs/v2.3.0/zephyr/subsys/bluetooth/host/id.c:1332:5:bt_id_delete	32	static
D:/ncs/v2.3.0/zephyr/subsys/bluetooth/host/id.c:1417:9:bt_id_read_public_addr	72	static
D:/ncs/v2.3.0/zephyr/subsys/bluetooth/host/id.c:1451:5:bt_setup_public_id_addr	48	static
D:/ncs/v2.3.0/zephyr/subsys/bluetooth/host/id.c:1539:5:bt_setup_random_id_addr	8	static
D:/ncs/v2.3.0/zephyr/subsys/bluetooth/host/id.c:1734:5:bt_id_set_adv_own_addr	24	static
D:/ncs/v2.3.0/zephyr/subsys/bluetooth/host/id.c:1843:5:bt_le_oob_get_local	24	static
D:/ncs/v2.3.0/zephyr/subsys/bluetooth/host/id.c:1922:5:bt_le_ext_adv_oob_get_local	16	static
D:/ncs/v2.3.0/zephyr/subsys/bluetooth/host/id.c:1982:5:bt_le_oob_set_legacy_tk	8	static
D:/ncs/v2.3.0/zephyr/subsys/bluetooth/host/id.c:1993:5:bt_le_oob_set_sc_data	8	static
D:/ncs/v2.3.0/zephyr/subsys/bluetooth/host/id.c:2008:5:bt_le_oob_get_sc_data	8	static
D:/ncs/v2.3.0/zephyr/subsys/bluetooth/host/id.c:2025:5:bt_id_init	8	static
