D:/ncs/v2.3.0/zephyr/subsys/bluetooth/host/iso.c:248:13:bt_iso_chan_add	0	static
D:/ncs/v2.3.0/zephyr/subsys/bluetooth/host/iso.c:724:17:iso_chan_max_data_len	0	static
D:/ncs/v2.3.0/zephyr/subsys/bluetooth/host/iso.c:1147:16:iso_server_check_security	0	static
D:/ncs/v2.3.0/zephyr/subsys/bluetooth/host/iso.c:81:13:bt_iso_send_cb	16	static
D:/ncs/v2.3.0/zephyr/subsys/bluetooth/host/iso.c:197:12:hci_le_setup_iso_data_path	40	static
D:/ncs/v2.3.0/zephyr/subsys/bluetooth/host/iso.c:257:12:bt_iso_setup_data_path	40	static
D:/ncs/v2.3.0/zephyr/subsys/bluetooth/host/iso.c:1125:12:hci_le_accept_cis	16	static
D:/ncs/v2.3.0/zephyr/subsys/bluetooth/host/iso.c:1102:12:hci_le_reject_cis	16	static
D:/ncs/v2.3.0/zephyr/subsys/bluetooth/host/iso.c:916:13:store_cis_info	16	static
D:/ncs/v2.3.0/zephyr/subsys/bluetooth/host/iso.c:138:24:iso_new	8	static
D:/ncs/v2.3.0/zephyr/subsys/bluetooth/host/iso.c:1248:24:bt_conn_add_iso	48	static
D:/ncs/v2.3.0/zephyr/subsys/bluetooth/host/iso.c:97:6:hci_iso	96	dynamic,bounded
D:/ncs/v2.3.0/zephyr/subsys/bluetooth/host/iso.c:157:17:bt_iso_create_pdu_timeout	8	static
D:/ncs/v2.3.0/zephyr/subsys/bluetooth/host/iso.c:180:17:bt_iso_create_frag_timeout	8	static
D:/ncs/v2.3.0/zephyr/subsys/bluetooth/host/iso.c:535:6:bt_iso_chan_set_state	0	static
D:/ncs/v2.3.0/zephyr/subsys/bluetooth/host/iso.c:351:6:bt_iso_connected	88	dynamic,bounded
D:/ncs/v2.3.0/zephyr/subsys/bluetooth/host/iso.c:1069:12:iso_accept	72	dynamic,bounded
D:/ncs/v2.3.0/zephyr/subsys/bluetooth/host/iso.c:541:5:bt_iso_chan_get_info	8	static
D:/ncs/v2.3.0/zephyr/subsys/bluetooth/host/iso.c:565:17:bt_iso_get_rx	8	static
D:/ncs/v2.3.0/zephyr/subsys/bluetooth/host/iso.c:577:6:bt_iso_recv	280	dynamic,bounded
D:/ncs/v2.3.0/zephyr/subsys/bluetooth/host/iso.c:745:5:bt_iso_chan_send	24	static
D:/ncs/v2.3.0/zephyr/subsys/bluetooth/host/iso.c:829:5:bt_iso_chan_get_tx_sync	24	static
D:/ncs/v2.3.0/zephyr/subsys/bluetooth/host/iso.c:886:5:bt_iso_chan_disconnect	8	static
D:/ncs/v2.3.0/zephyr/subsys/bluetooth/host/iso.c:906:6:bt_iso_cleanup_acl	8	static
D:/ncs/v2.3.0/zephyr/subsys/bluetooth/host/iso.c:404:13:bt_iso_chan_disconnected	16	static
D:/ncs/v2.3.0/zephyr/subsys/bluetooth/host/iso.c:458:6:bt_iso_disconnected	40	static
D:/ncs/v2.3.0/zephyr/subsys/bluetooth/host/iso.c:944:6:hci_le_cis_established	64	dynamic,bounded
D:/ncs/v2.3.0/zephyr/subsys/bluetooth/host/iso.c:1033:5:bt_iso_server_register	0	static
D:/ncs/v2.3.0/zephyr/subsys/bluetooth/host/iso.c:1164:6:hci_le_cis_req	160	dynamic,bounded
