D:/ncs/v2.3.0/zephyr/include/zephyr/bluetooth/addr.h:126:20:bt_addr_le_copy	0	static
D:/ncs/v2.3.0/zephyr/include/zephyr/bluetooth/addr.h:116:20:bt_addr_copy	0	static
D:/ncs/v2.3.0/zephyr/subsys/bluetooth/host/keys.c:454:13:id_add	8	static
D:/ncs/v2.3.0/zephyr/subsys/bluetooth/host/keys.c:83:17:bt_keys_get_addr	24	static
D:/ncs/v2.3.0/zephyr/subsys/bluetooth/host/keys.c:154:6:bt_foreach_bond	32	static
D:/ncs/v2.3.0/zephyr/subsys/bluetooth/host/keys.c:174:6:bt_keys_foreach_type	24	static
D:/ncs/v2.3.0/zephyr/subsys/bluetooth/host/keys.c:461:12:keys_commit	8	static
D:/ncs/v2.3.0/zephyr/subsys/bluetooth/host/keys.c:188:17:bt_keys_find	24	static
D:/ncs/v2.3.0/zephyr/subsys/bluetooth/host/keys.c:229:17:bt_keys_find_irk	24	static
D:/ncs/v2.3.0/zephyr/subsys/bluetooth/host/keys.c:278:17:bt_keys_find_addr	16	static
D:/ncs/v2.3.0/zephyr/subsys/bluetooth/host/keys.c:296:6:bt_keys_add_type	8	static
D:/ncs/v2.3.0/zephyr/subsys/bluetooth/host/keys.c:206:17:bt_keys_get_type	24	static
D:/ncs/v2.3.0/zephyr/subsys/bluetooth/host/keys.c:303:6:bt_keys_clear	64	static
D:/ncs/v2.3.0/zephyr/subsys/bluetooth/host/keys.c:365:12:keys_set	344	dynamic,bounded
D:/ncs/v2.3.0/zephyr/subsys/bluetooth/host/keys.c:336:5:bt_keys_store	104	dynamic,bounded
