D:/ncs/v2.3.0/zephyr/subsys/bluetooth/host/smp.c:289:13:le_sc_supported	0	static
D:/ncs/v2.3.0/zephyr/subsys/bluetooth/host/smp.c:429:29:security_err_get	0	static
D:/ncs/v2.3.0/zephyr/subsys/bluetooth/host/smp.c:459:16:smp_err_get	0	static
D:/ncs/v2.3.0/zephyr/subsys/bluetooth/host/smp.c:515:16:get_encryption_key_size	0	static
D:/ncs/v2.3.0/zephyr/subsys/bluetooth/host/smp.c:1589:16:hci_err_get	0	static
D:/ncs/v2.3.0/zephyr/subsys/bluetooth/host/smp.c:1782:13:xor_128	4	static
D:/ncs/v2.3.0/zephyr/subsys/bluetooth/host/smp.c:3119:16:smp_pairing_rsp	0	static
D:/ncs/v2.3.0/zephyr/subsys/bluetooth/host/smp.c:3443:13:le_sc_oob_data_req_check	0	static
D:/ncs/v2.3.0/zephyr/subsys/bluetooth/host/smp.c:3450:13:le_sc_oob_data_rsp_check	0	static
D:/ncs/v2.3.0/zephyr/subsys/bluetooth/host/smp.c:3457:13:le_sc_oob_config_set	16	static
D:/ncs/v2.3.0/zephyr/subsys/bluetooth/host/smp.c:3851:16:smp_signing_info	0	static
D:/ncs/v2.3.0/zephyr/subsys/bluetooth/host/smp.c:3959:16:smp_security_request	0	static
D:/ncs/v2.3.0/zephyr/subsys/bluetooth/host/smp.c:5352:13:le_sc_oob_data_check	24	static
D:/ncs/v2.3.0/zephyr/include/zephyr/bluetooth/addr.h:116:20:bt_addr_copy	0	static
D:/ncs/v2.3.0/zephyr/include/zephyr/bluetooth/addr.h:126:20:bt_addr_le_copy	0	static
D:/ncs/v2.3.0/zephyr/subsys/bluetooth/host/smp.c:2621:23:smp_chan_get	40	static
D:/ncs/v2.3.0/zephyr/subsys/bluetooth/host/smp.c:5697:12:bt_smp_accept	64	dynamic,bounded
D:/ncs/v2.3.0/zephyr/subsys/bluetooth/host/smp.c:4269:16:smp_keypress_notif	0	static
D:/ncs/v2.3.0/zephyr/include/zephyr/sys/atomic.h:131:20:atomic_test_bit	0	static
D:/ncs/v2.3.0/zephyr/subsys/bluetooth/host/smp.c:357:13:smp_keys_check	16	static
D:/ncs/v2.3.0/zephyr/subsys/bluetooth/host/smp.c:3362:23:smp_find	16	static
D:/ncs/v2.3.0/zephyr/subsys/bluetooth/host/smp.c:533:13:update_keys_check	24	static
D:/ncs/v2.3.0/zephyr/subsys/bluetooth/host/smp.c:2566:16:remote_sec_level_reachable	8	static
D:/ncs/v2.3.0/zephyr/subsys/bluetooth/host/smp.c:304:38:latch_auth_cb	0	static
D:/ncs/v2.3.0/zephyr/subsys/bluetooth/host/smp.c:311:16:get_io_capa	8	static
D:/ncs/v2.3.0/zephyr/subsys/bluetooth/host/smp.c:2539:16:get_auth	8	static
D:/ncs/v2.3.0/zephyr/subsys/bluetooth/host/smp.c:2099:16:legacy_get_pair_method	16	static
D:/ncs/v2.3.0/zephyr/subsys/bluetooth/host/smp.c:393:16:get_pair_method	16	static
D:/ncs/v2.3.0/zephyr/subsys/bluetooth/host/smp.c:2602:13:sec_level_reachable	16	static
D:/ncs/v2.3.0/zephyr/subsys/bluetooth/host/smp.c:1560:13:smp_reset	16	static
D:/ncs/v2.3.0/zephyr/subsys/bluetooth/host/smp.c:4705:12:smp_d1	8	static
D:/ncs/v2.3.0/zephyr/subsys/bluetooth/host/smp.c:2081:12:smp_s1	8	static
D:/ncs/v2.3.0/zephyr/include/zephyr/sys/atomic.h:152:20:atomic_test_and_clear_bit	4	static
D:/ncs/v2.3.0/zephyr/subsys/bluetooth/host/smp.c:484:24:smp_create_pdu	16	static
D:/ncs/v2.3.0/zephyr/subsys/bluetooth/host/smp.c:1704:13:smp_send	24	static
D:/ncs/v2.3.0/zephyr/subsys/bluetooth/host/smp.c:3171:16:sc_smp_send_dhkey_check	16	static
D:/ncs/v2.3.0/zephyr/subsys/bluetooth/host/smp.c:1763:16:smp_send_pairing_random	16	static
D:/ncs/v2.3.0/zephyr/subsys/bluetooth/host/smp.c:2039:16:send_pairing_rsp	16	static
D:/ncs/v2.3.0/zephyr/subsys/bluetooth/host/smp.c:2915:16:sc_send_public_key	16	static
D:/ncs/v2.3.0/zephyr/subsys/bluetooth/host/smp.c:1837:16:smp_send_pairing_confirm	72	dynamic,bounded
D:/ncs/v2.3.0/zephyr/subsys/bluetooth/host/smp.c:3399:16:sc_smp_check_confirm	104	dynamic,bounded
D:/ncs/v2.3.0/zephyr/subsys/bluetooth/host/smp.c:1791:12:smp_c1	56	static
D:/ncs/v2.3.0/zephyr/subsys/bluetooth/host/smp.c:2208:16:legacy_send_pairing_confirm	32	static
D:/ncs/v2.3.0/zephyr/subsys/bluetooth/host/smp.c:2339:16:legacy_pairing_confirm	16	static
D:/ncs/v2.3.0/zephyr/subsys/bluetooth/host/smp.c:3125:16:smp_pairing_confirm	64	dynamic,bounded
D:/ncs/v2.3.0/zephyr/subsys/bluetooth/host/smp.c:2262:16:legacy_pairing_random	80	static
D:/ncs/v2.3.0/zephyr/subsys/bluetooth/host/smp.c:3236:16:compute_and_check_and_send_periph_dhcheck	200	dynamic,bounded
D:/ncs/v2.3.0/zephyr/subsys/bluetooth/host/smp.c:4177:16:smp_dhkey_check	16	static
D:/ncs/v2.3.0/zephyr/subsys/bluetooth/host/smp.c:3325:16:smp_dhkey_ready	16	static
D:/ncs/v2.3.0/zephyr/subsys/bluetooth/host/smp.c:3979:16:display_passkey	16	static
D:/ncs/v2.3.0/zephyr/subsys/bluetooth/host/smp.c:577:13:update_debug_keys_check	8	static
D:/ncs/v2.3.0/zephyr/subsys/bluetooth/host/smp.c:2506:12:smp_init	16	static
D:/ncs/v2.3.0/zephyr/subsys/bluetooth/host/smp.c:2720:12:smp_send_security_req	32	static
D:/ncs/v2.3.0/zephyr/subsys/bluetooth/host/smp.c:1892:13:legacy_distribute_keys	128	static
D:/ncs/v2.3.0/zephyr/subsys/bluetooth/host/smp.c:1958:16:bt_smp_distribute_keys	112	dynamic,bounded
D:/ncs/v2.3.0/zephyr/subsys/bluetooth/host/smp.c:3309:16:smp_dhkey_generate	40	static
D:/ncs/v2.3.0/zephyr/subsys/bluetooth/host/smp.c:3965:16:generate_dhkey	8	static
D:/ncs/v2.3.0/zephyr/subsys/bluetooth/host/smp.c:4008:16:smp_public_key_periph	88	dynamic,bounded
D:/ncs/v2.3.0/zephyr/subsys/bluetooth/host/smp.c:4064:16:smp_public_key	48	static
D:/ncs/v2.3.0/zephyr/subsys/bluetooth/host/smp.c:2137:16:legacy_request_tk	88	dynamic,bounded
D:/ncs/v2.3.0/zephyr/subsys/bluetooth/host/smp.c:2235:16:legacy_pairing_req	24	static
D:/ncs/v2.3.0/zephyr/subsys/bluetooth/host/smp.c:2785:16:smp_pairing_req	24	static
D:/ncs/v2.3.0/zephyr/subsys/bluetooth/host/smp.c:3653:16:smp_ident_info	64	dynamic,bounded
D:/ncs/v2.3.0/zephyr/subsys/bluetooth/host/smp.c:2393:16:smp_encrypt_info	64	dynamic,bounded
D:/ncs/v2.3.0/zephyr/subsys/bluetooth/host/smp.c:3676:16:smp_id_add_replace	48	static
D:/ncs/v2.3.0/zephyr/subsys/bluetooth/host/smp.c:3488:16:smp_pairing_random	72	dynamic,bounded
D:/ncs/v2.3.0/zephyr/subsys/bluetooth/host/smp.c:4409:13:bt_smp_connected	16	static
D:/ncs/v2.3.0/zephyr/subsys/bluetooth/host/smp.c:2529:6:bt_set_bondable	0	static
D:/ncs/v2.3.0/zephyr/subsys/bluetooth/host/smp.c:2534:6:bt_set_oob_data_flag	0	static
D:/ncs/v2.3.0/zephyr/subsys/bluetooth/host/smp.c:2634:6:bt_smp_request_ltk	32	static
D:/ncs/v2.3.0/zephyr/subsys/bluetooth/host/smp.c:4694:5:bt_smp_sign_verify	0	static
D:/ncs/v2.3.0/zephyr/subsys/bluetooth/host/smp.c:4699:5:bt_smp_sign	0	static
D:/ncs/v2.3.0/zephyr/subsys/bluetooth/host/smp.c:4724:5:bt_smp_irk_get	32	static
D:/ncs/v2.3.0/zephyr/subsys/bluetooth/host/smp.c:5170:5:bt_smp_auth_cb_overlay	8	static
D:/ncs/v2.3.0/zephyr/subsys/bluetooth/host/smp.c:5313:5:bt_smp_le_oob_generate_sc_data	16	static
D:/ncs/v2.3.0/zephyr/subsys/bluetooth/host/smp.c:5430:5:bt_smp_le_oob_get_sc_data	16	static
D:/ncs/v2.3.0/zephyr/subsys/bluetooth/host/smp.c:5490:5:bt_smp_auth_pairing_confirm	16	static
D:/ncs/v2.3.0/zephyr/subsys/bluetooth/host/smp.c:5560:5:bt_smp_start_security	8	static
D:/ncs/v2.3.0/zephyr/subsys/bluetooth/host/smp.c:1612:13:smp_pairing_complete	24	static
D:/ncs/v2.3.0/zephyr/subsys/bluetooth/host/smp.c:1715:12:smp_error	64	static
D:/ncs/v2.3.0/zephyr/subsys/bluetooth/host/smp.c:2362:13:legacy_user_tk_entry	8	static
D:/ncs/v2.3.0/zephyr/subsys/bluetooth/host/smp.c:2385:13:legacy_passkey_entry	16	static
D:/ncs/v2.3.0/zephyr/subsys/bluetooth/host/smp.c:5283:5:bt_smp_le_oob_set_tk	16	static
D:/ncs/v2.3.0/zephyr/subsys/bluetooth/host/smp.c:5186:5:bt_smp_auth_passkey_entry	16	static
D:/ncs/v2.3.0/zephyr/subsys/bluetooth/host/smp.c:5233:5:bt_smp_auth_passkey_confirm	16	static
D:/ncs/v2.3.0/zephyr/subsys/bluetooth/host/smp.c:5374:12:le_sc_oob_pairing_continue	40	static
D:/ncs/v2.3.0/zephyr/subsys/bluetooth/host/smp.c:5404:5:bt_smp_le_oob_set_sc_data	16	static
D:/ncs/v2.3.0/zephyr/subsys/bluetooth/host/smp.c:5457:5:bt_smp_auth_cancel	56	dynamic,bounded
D:/ncs/v2.3.0/zephyr/subsys/bluetooth/host/smp.c:4302:12:bt_smp_recv	216	dynamic,bounded
D:/ncs/v2.3.0/zephyr/subsys/bluetooth/host/smp.c:3373:13:bt_smp_dhkey_ready	16	static
D:/ncs/v2.3.0/zephyr/subsys/bluetooth/host/smp.c:4365:13:bt_smp_pkey_ready	48	static
D:/ncs/v2.3.0/zephyr/subsys/bluetooth/host/smp.c:3716:16:smp_ident_addr_info	136	dynamic,bounded
D:/ncs/v2.3.0/zephyr/subsys/bluetooth/host/smp.c:2416:16:smp_central_ident	64	dynamic,bounded
D:/ncs/v2.3.0/zephyr/subsys/bluetooth/host/smp.c:3632:16:smp_pairing_failed	72	dynamic,bounded
D:/ncs/v2.3.0/zephyr/subsys/bluetooth/host/smp.c:4456:13:bt_smp_encrypt_change	24	static
D:/ncs/v2.3.0/zephyr/subsys/bluetooth/host/smp.c:605:13:smp_check_complete	8	static
D:/ncs/v2.3.0/zephyr/subsys/bluetooth/host/smp.c:646:13:smp_id_sent	8	static
D:/ncs/v2.3.0/zephyr/subsys/bluetooth/host/smp.c:1885:13:smp_ident_sent	8	static
D:/ncs/v2.3.0/zephyr/subsys/bluetooth/host/smp.c:4422:13:bt_smp_disconnected	16	static
D:/ncs/v2.3.0/zephyr/subsys/bluetooth/host/smp.c:1690:13:smp_timeout	48	static
D:/ncs/v2.3.0/zephyr/subsys/bluetooth/host/smp.c:5612:6:bt_smp_update_keys	64	dynamic,bounded
D:/ncs/v2.3.0/zephyr/subsys/bluetooth/host/smp.c:5734:5:bt_smp_init	8	static
