D:/ncs/v2.3.0/zephyr/include/zephyr/sys/slist.h:401:1:sys_slist_remove	0	static
D:/ncs/v2.3.0/zephyr/include/zephyr/sys/slist.h:417:1:sys_slist_find_and_remove	8	static
D:/ncs/v2.3.0/zephyr/subsys/bluetooth/audio/endpoint.h:112:27:bt_audio_ep_state_str	0	static
D:/ncs/v2.3.0/zephyr/subsys/bluetooth/audio/ascs.c:717:13:ascs_ase_cfg_changed	0	static
D:/ncs/v2.3.0/zephyr/subsys/bluetooth/audio/ascs.c:966:13:audio_iso_find_func	0	static
D:/ncs/v2.3.0/zephyr/subsys/bluetooth/audio/ascs.c:1032:16:ase_attr_cb	0	static
D:/ncs/v2.3.0/zephyr/subsys/bluetooth/audio/ascs.c:1086:28:ase_find	0	static
D:/ncs/v2.3.0/zephyr/subsys/bluetooth/audio/ascs.c:1143:13:ascs_cp_cfg_changed	0	static
D:/ncs/v2.3.0/zephyr/subsys/bluetooth/audio/ascs.c:1187:13:codec_lookup_id	0	static
D:/ncs/v2.3.0/zephyr/subsys/bluetooth/audio/ascs.c:345:13:ascs_codec_data_add	32	static
D:/ncs/v2.3.0/zephyr/subsys/bluetooth/audio/ascs.c:364:13:ascs_ep_get_status_config	16	static
D:/ncs/v2.3.0/zephyr/subsys/bluetooth/audio/ascs.c:395:13:ascs_ep_get_status_qos	8	static
D:/ncs/v2.3.0/zephyr/subsys/bluetooth/audio/ascs.c:419:13:ascs_ep_get_status_enable	16	static
D:/ncs/v2.3.0/zephyr/subsys/bluetooth/audio/ascs.c:725:13:ascs_cp_rsp_alloc	8	static
D:/ncs/v2.3.0/zephyr/subsys/bluetooth/audio/ascs.c:735:13:ascs_cp_rsp_add	24	static
D:/ncs/v2.3.0/zephyr/subsys/bluetooth/audio/ascs.c:773:13:ascs_cp_rsp_add_errno	8	static
D:/ncs/v2.3.0/zephyr/subsys/bluetooth/audio/ascs.c:839:13:ascs_cp_rsp_success	8	static
D:/ncs/v2.3.0/zephyr/subsys/bluetooth/audio/ascs.c:436:12:ascs_ep_get_status_idle	16	static
D:/ncs/v2.3.0/zephyr/include/zephyr/bluetooth/gatt.h:1126:19:bt_gatt_notify	32	static
D:/ncs/v2.3.0/zephyr/include/zephyr/bluetooth/gatt.h:1163:19:bt_gatt_notify_uuid	32	static
D:/ncs/v2.3.0/zephyr/subsys/bluetooth/audio/ascs.c:2423:12:control_point_notify	24	static
D:/ncs/v2.3.0/zephyr/subsys/bluetooth/audio/ascs.c:82:13:bt_ascs_ase_return_to_slab	16	static
D:/ncs/v2.3.0/zephyr/subsys/bluetooth/audio/ascs.c:456:12:ascs_ep_get_status	48	static
D:/ncs/v2.3.0/zephyr/subsys/bluetooth/audio/ascs.c:103:13:ase_status_changed	16	static
D:/ncs/v2.3.0/zephyr/subsys/bluetooth/audio/ascs.c:540:13:ascs_iso_sent	88	dynamic,bounded
D:/ncs/v2.3.0/zephyr/subsys/bluetooth/audio/ascs.c:500:13:ascs_iso_recv	120	dynamic,bounded
D:/ncs/v2.3.0/zephyr/subsys/bluetooth/audio/ascs.c:1021:24:ascs_get	16	static
D:/ncs/v2.3.0/zephyr/subsys/bluetooth/audio/ascs.c:1113:16:ascs_ase_read	72	static
D:/ncs/v2.3.0/zephyr/subsys/bluetooth/audio/ascs.c:1010:13:ase_stream_add	16	static
D:/ncs/v2.3.0/zephyr/subsys/bluetooth/audio/ascs.c:92:28:bt_ascs_ase_get_from_slab	16	static
D:/ncs/v2.3.0/zephyr/subsys/bluetooth/audio/ascs.c:1148:13:ascs_codec_config_store	88	dynamic,bounded
D:/ncs/v2.3.0/zephyr/subsys/bluetooth/audio/ascs.c:1645:13:ascs_codec_store_metadata	8	static
D:/ncs/v2.3.0/zephyr/subsys/bluetooth/audio/ascs.c:1200:12:ascs_ep_set_codec	88	dynamic,bounded
D:/ncs/v2.3.0/zephyr/subsys/bluetooth/audio/ascs.c:984:29:audio_iso_get_or_new	16	static
D:/ncs/v2.3.0/zephyr/subsys/bluetooth/audio/ascs.c:1741:12:ascs_verify_metadata	80	dynamic,bounded
D:/ncs/v2.3.0/zephyr/subsys/bluetooth/audio/ascs.c:1772:12:ascs_ep_set_metadata	32	static
D:/ncs/v2.3.0/zephyr/subsys/bluetooth/audio/ascs.c:1671:13:ascs_parse_metadata	176	dynamic,bounded
D:/ncs/v2.3.0/zephyr/subsys/bluetooth/audio/ascs.c:118:6:ascs_ep_set_state	96	dynamic,bounded
D:/ncs/v2.3.0/zephyr/subsys/bluetooth/audio/ascs.c:844:13:ase_release	8	static
D:/ncs/v2.3.0/zephyr/subsys/bluetooth/audio/ascs.c:922:13:disconnected	16	static
D:/ncs/v2.3.0/zephyr/subsys/bluetooth/audio/ascs.c:2277:16:ascs_release	176	dynamic,bounded
D:/ncs/v2.3.0/zephyr/subsys/bluetooth/audio/ascs.c:1256:12:ase_config	320	dynamic,bounded
D:/ncs/v2.3.0/zephyr/subsys/bluetooth/audio/ascs.c:1449:12:ase_stream_qos	136	dynamic,bounded
D:/ncs/v2.3.0/zephyr/subsys/bluetooth/audio/ascs.c:1542:13:ase_qos	72	dynamic,bounded
D:/ncs/v2.3.0/zephyr/subsys/bluetooth/audio/ascs.c:1602:16:ascs_qos	136	dynamic,bounded
D:/ncs/v2.3.0/zephyr/subsys/bluetooth/audio/ascs.c:635:13:ascs_ep_iso_disconnected	152	dynamic,bounded
D:/ncs/v2.3.0/zephyr/subsys/bluetooth/audio/ascs.c:692:13:ascs_iso_disconnected	64	dynamic,bounded
D:/ncs/v2.3.0/zephyr/subsys/bluetooth/audio/ascs.c:570:12:ase_stream_start	16	static
D:/ncs/v2.3.0/zephyr/subsys/bluetooth/audio/ascs.c:1988:13:ase_start	120	dynamic,bounded
D:/ncs/v2.3.0/zephyr/subsys/bluetooth/audio/ascs.c:2034:16:ascs_start	136	dynamic,bounded
D:/ncs/v2.3.0/zephyr/subsys/bluetooth/audio/ascs.c:585:13:ascs_ep_iso_connected	96	dynamic,bounded
D:/ncs/v2.3.0/zephyr/subsys/bluetooth/audio/ascs.c:617:13:ascs_iso_connected	64	dynamic,bounded
D:/ncs/v2.3.0/zephyr/subsys/bluetooth/audio/ascs.c:1885:12:ase_enable	96	dynamic,bounded
D:/ncs/v2.3.0/zephyr/subsys/bluetooth/audio/ascs.c:1939:16:ascs_enable	168	dynamic,bounded
D:/ncs/v2.3.0/zephyr/subsys/bluetooth/audio/ascs.c:872:13:ase_disable	96	dynamic,bounded
D:/ncs/v2.3.0/zephyr/subsys/bluetooth/audio/ascs.c:2077:16:ascs_disable	136	dynamic,bounded
D:/ncs/v2.3.0/zephyr/subsys/bluetooth/audio/ascs.c:2120:13:ase_stop	184	dynamic,bounded
D:/ncs/v2.3.0/zephyr/subsys/bluetooth/audio/ascs.c:2185:16:ascs_stop	136	dynamic,bounded
D:/ncs/v2.3.0/zephyr/subsys/bluetooth/audio/ascs.c:1812:12:ase_metadata	184	dynamic,bounded
D:/ncs/v2.3.0/zephyr/subsys/bluetooth/audio/ascs.c:2228:16:ascs_metadata	168	dynamic,bounded
D:/ncs/v2.3.0/zephyr/subsys/bluetooth/audio/ascs.c:1046:6:ascs_ep_init	16	static
D:/ncs/v2.3.0/zephyr/subsys/bluetooth/audio/ascs.c:1055:13:ase_init	40	static
D:/ncs/v2.3.0/zephyr/subsys/bluetooth/audio/ascs.c:1065:28:ase_new	16	static
D:/ncs/v2.3.0/zephyr/subsys/bluetooth/audio/ascs.c:1101:28:ase_get	16	static
D:/ncs/v2.3.0/zephyr/subsys/bluetooth/audio/ascs.c:1381:16:ascs_config	288	dynamic,bounded
D:/ncs/v2.3.0/zephyr/subsys/bluetooth/audio/ascs.c:2329:16:ascs_cp_write	40	static
