D:/ncs/v2.3.0/zephyr/subsys/bluetooth/audio/audio_iso.c:22:22:bt_audio_iso_new	8	static
D:/ncs/v2.3.0/zephyr/subsys/bluetooth/audio/audio_iso.c:42:22:bt_audio_iso_ref	8	static
D:/ncs/v2.3.0/zephyr/subsys/bluetooth/audio/audio_iso.c:100:13:bt_audio_iso_find_cb	16	static
D:/ncs/v2.3.0/zephyr/subsys/bluetooth/audio/audio_iso.c:64:6:bt_audio_iso_unref	8	static
D:/ncs/v2.3.0/zephyr/subsys/bluetooth/audio/audio_iso.c:75:6:bt_audio_iso_foreach	24	static
D:/ncs/v2.3.0/zephyr/subsys/bluetooth/audio/audio_iso.c:113:22:bt_audio_iso_find	24	static
D:/ncs/v2.3.0/zephyr/subsys/bluetooth/audio/audio_iso.c:127:6:bt_audio_iso_init	0	static
D:/ncs/v2.3.0/zephyr/subsys/bluetooth/audio/audio_iso.c:147:6:bt_audio_iso_bind_ep	16	static
D:/ncs/v2.3.0/zephyr/subsys/bluetooth/audio/audio_iso.c:184:6:bt_audio_iso_unbind_ep	16	static
D:/ncs/v2.3.0/zephyr/subsys/bluetooth/audio/audio_iso.c:223:21:bt_audio_iso_get_ep	16	static
