D:/ncs/v2.3.0/zephyr/subsys/bluetooth/audio/csip_set_member.c:290:13:set_sirk_cfg_changed	0	static
D:/ncs/v2.3.0/zephyr/subsys/bluetooth/audio/csip_set_member.c:309:13:set_size_cfg_changed	0	static
D:/ncs/v2.3.0/zephyr/subsys/bluetooth/audio/csip_set_member.c:421:13:set_lock_cfg_changed	0	static
D:/ncs/v2.3.0/zephyr/subsys/bluetooth/audio/csip_set_member.c:677:13:valid_register_param	0	static
D:/ncs/v2.3.0/zephyr/include/zephyr/bluetooth/addr.h:126:20:bt_addr_le_copy	0	static
D:/ncs/v2.3.0/zephyr/subsys/bluetooth/audio/csip_set_member.c:176:12:generate_prand	16	static
D:/ncs/v2.3.0/zephyr/include/zephyr/bluetooth/gatt.h:1163:19:bt_gatt_notify_uuid	32	static
D:/ncs/v2.3.0/zephyr/subsys/bluetooth/audio/csip_set_member.c:76:13:notify_lock_value	24	static
D:/ncs/v2.3.0/zephyr/subsys/bluetooth/audio/csip_set_member.c:110:13:notify_clients	24	static
D:/ncs/v2.3.0/zephyr/subsys/bluetooth/audio/csip_set_member.c:440:13:set_lock_timer_handler	16	static
D:/ncs/v2.3.0/zephyr/subsys/bluetooth/audio/csip_set_member.c:85:13:notify_client	16	static
D:/ncs/v2.3.0/zephyr/subsys/bluetooth/audio/csip_set_member.c:530:13:handle_csip_auth_complete	56	static
D:/ncs/v2.3.0/zephyr/subsys/bluetooth/audio/csip_set_member.c:589:13:auth_pairing_complete	16	static
D:/ncs/v2.3.0/zephyr/subsys/bluetooth/audio/csip_set_member.c:64:13:is_last_client_to_write	8	static
D:/ncs/v2.3.0/zephyr/subsys/bluetooth/audio/csip_set_member.c:614:13:csip_bond_deleted	24	static
D:/ncs/v2.3.0/zephyr/subsys/bluetooth/audio/csip_set_member.c:489:13:handle_csip_disconnect	24	static
D:/ncs/v2.3.0/zephyr/subsys/bluetooth/audio/csip_set_member.c:521:13:csip_disconnected	16	static
D:/ncs/v2.3.0/zephyr/subsys/bluetooth/audio/csip_set_member.c:460:13:csip_security_changed	24	static
D:/ncs/v2.3.0/zephyr/subsys/bluetooth/audio/csip_set_member.c:427:16:read_rank	32	static
D:/ncs/v2.3.0/zephyr/subsys/bluetooth/audio/csip_set_member.c:315:16:read_set_lock	32	static
D:/ncs/v2.3.0/zephyr/subsys/bluetooth/audio/csip_set_member.c:296:16:read_set_size	32	static
D:/ncs/v2.3.0/zephyr/subsys/bluetooth/audio/csip_set_member.c:338:16:set_lock	24	static
D:/ncs/v2.3.0/zephyr/subsys/bluetooth/audio/csip_set_member.c:396:16:write_set_lock	24	static
D:/ncs/v2.3.0/zephyr/subsys/bluetooth/audio/csip_set_member.c:139:12:sirk_encrypt	8	static
D:/ncs/v2.3.0/zephyr/subsys/bluetooth/audio/csip_set_member.c:232:16:read_set_sirk	136	dynamic,bounded
D:/ncs/v2.3.0/zephyr/subsys/bluetooth/audio/csip_set_member.c:201:5:bt_csip_set_member_generate_rsi	80	static
D:/ncs/v2.3.0/zephyr/subsys/bluetooth/audio/csip_set_member.c:672:7:bt_csip_set_member_svc_decl_get	0	static
D:/ncs/v2.3.0/zephyr/subsys/bluetooth/audio/csip_set_member.c:700:5:bt_csip_set_member_register	32	static
D:/ncs/v2.3.0/zephyr/subsys/bluetooth/audio/csip_set_member.c:760:5:bt_csip_set_member_lock	8	static
D:/ncs/v2.3.0/zephyr/subsys/bluetooth/audio/csip_set_member.c:790:6:bt_csip_set_member_print_sirk	0	static
