D:/ncs/v2.3.0/zephyr/subsys/bluetooth/audio/mcc.c:163:31:lookup_inst_by_conn	0	static
D:/ncs/v2.3.0/zephyr/subsys/bluetooth/audio/mcc.c:299:16:mcc_read_track_duration_cb	8	static
D:/ncs/v2.3.0/zephyr/subsys/bluetooth/audio/mcc.c:326:16:mcc_read_track_position_cb	8	static
D:/ncs/v2.3.0/zephyr/subsys/bluetooth/audio/mcc.c:353:13:mcs_write_track_position_cb	8	static
D:/ncs/v2.3.0/zephyr/subsys/bluetooth/audio/mcc.c:377:16:mcc_read_playback_speed_cb	8	static
D:/ncs/v2.3.0/zephyr/subsys/bluetooth/audio/mcc.c:404:13:mcs_write_playback_speed_cb	8	static
D:/ncs/v2.3.0/zephyr/subsys/bluetooth/audio/mcc.c:427:16:mcc_read_seeking_speed_cb	8	static
D:/ncs/v2.3.0/zephyr/subsys/bluetooth/audio/mcc.c:671:16:mcc_read_playing_order_cb	8	static
D:/ncs/v2.3.0/zephyr/subsys/bluetooth/audio/mcc.c:698:13:mcs_write_playing_order_cb	8	static
D:/ncs/v2.3.0/zephyr/subsys/bluetooth/audio/mcc.c:721:16:mcc_read_playing_orders_supported_cb	8	static
D:/ncs/v2.3.0/zephyr/subsys/bluetooth/audio/mcc.c:748:16:mcc_read_media_state_cb	8	static
D:/ncs/v2.3.0/zephyr/subsys/bluetooth/audio/mcc.c:775:13:mcs_write_cp_cb	16	static
D:/ncs/v2.3.0/zephyr/subsys/bluetooth/audio/mcc.c:809:16:mcc_read_opcodes_supported_cb	8	static
D:/ncs/v2.3.0/zephyr/subsys/bluetooth/audio/mcc.c:897:16:mcc_read_content_control_id_cb	8	static
D:/ncs/v2.3.0/zephyr/subsys/bluetooth/audio/mcc.c:1352:12:do_subscribe	8	static
D:/ncs/v2.3.0/zephyr/subsys/bluetooth/audio/mcc.c:173:16:mcc_read_player_name_cb	48	static
D:/ncs/v2.3.0/zephyr/subsys/bluetooth/audio/mcc.c:268:16:mcc_read_track_title_cb	64	static
D:/ncs/v2.3.0/zephyr/subsys/bluetooth/audio/mcc.c:925:16:mcs_notify_handler	40	static
D:/ncs/v2.3.0/zephyr/subsys/bluetooth/audio/mcc.c:238:16:mcc_read_icon_url_cb	64	static
D:/ncs/v2.3.0/zephyr/subsys/bluetooth/audio/mcc.c:1086:13:reset_mcs_inst	16	static
D:/ncs/v2.3.0/zephyr/subsys/bluetooth/audio/mcc.c:1128:13:discovery_complete	16	static
D:/ncs/v2.3.0/zephyr/subsys/bluetooth/audio/mcc.c:1707:16:discover_primary_func	48	static
D:/ncs/v2.3.0/zephyr/subsys/bluetooth/audio/mcc.c:1372:13:subscribe_next_mcs_char	8	static
D:/ncs/v2.3.0/zephyr/subsys/bluetooth/audio/mcc.c:1499:16:discover_mcs_char_func	72	static
D:/ncs/v2.3.0/zephyr/subsys/bluetooth/audio/mcc.c:1318:13:subscribe_mcs_char_func	16	static
D:/ncs/v2.3.0/zephyr/subsys/bluetooth/audio/mcc.c:1761:5:bt_mcc_init	0	static
D:/ncs/v2.3.0/zephyr/subsys/bluetooth/audio/mcc.c:1794:5:bt_mcc_discover_mcs	24	static
D:/ncs/v2.3.0/zephyr/subsys/bluetooth/audio/mcc.c:1826:5:bt_mcc_read_player_name	16	static
D:/ncs/v2.3.0/zephyr/subsys/bluetooth/audio/mcc.c:1905:5:bt_mcc_read_icon_url	16	static
D:/ncs/v2.3.0/zephyr/subsys/bluetooth/audio/mcc.c:1943:5:bt_mcc_read_track_title	16	static
D:/ncs/v2.3.0/zephyr/subsys/bluetooth/audio/mcc.c:1981:5:bt_mcc_read_track_duration	16	static
D:/ncs/v2.3.0/zephyr/subsys/bluetooth/audio/mcc.c:2019:5:bt_mcc_read_track_position	16	static
D:/ncs/v2.3.0/zephyr/subsys/bluetooth/audio/mcc.c:2057:5:bt_mcc_set_track_position	24	static
D:/ncs/v2.3.0/zephyr/subsys/bluetooth/audio/mcc.c:2100:5:bt_mcc_read_playback_speed	16	static
D:/ncs/v2.3.0/zephyr/subsys/bluetooth/audio/mcc.c:2138:5:bt_mcc_set_playback_speed	24	static
D:/ncs/v2.3.0/zephyr/subsys/bluetooth/audio/mcc.c:2181:5:bt_mcc_read_seeking_speed	16	static
D:/ncs/v2.3.0/zephyr/subsys/bluetooth/audio/mcc.c:2552:5:bt_mcc_read_playing_order	16	static
D:/ncs/v2.3.0/zephyr/subsys/bluetooth/audio/mcc.c:2590:5:bt_mcc_set_playing_order	24	static
D:/ncs/v2.3.0/zephyr/subsys/bluetooth/audio/mcc.c:2633:5:bt_mcc_read_playing_orders_supported	16	static
D:/ncs/v2.3.0/zephyr/subsys/bluetooth/audio/mcc.c:2671:5:bt_mcc_read_media_state	16	static
D:/ncs/v2.3.0/zephyr/subsys/bluetooth/audio/mcc.c:2709:5:bt_mcc_send_cmd	16	static
D:/ncs/v2.3.0/zephyr/subsys/bluetooth/audio/mcc.c:2759:5:bt_mcc_read_opcodes_supported	16	static
D:/ncs/v2.3.0/zephyr/subsys/bluetooth/audio/mcc.c:2880:5:bt_mcc_read_content_control_id	16	static
