D:/ncs/v2.3.0/zephyr/include/zephyr/sys/slist.h:401:1:sys_slist_remove	0	static
D:/ncs/v2.3.0/zephyr/include/zephyr/sys/slist.h:417:1:sys_slist_find_and_remove	8	static
D:/ncs/v2.3.0/zephyr/subsys/bluetooth/audio/pacs.c:165:13:foreach_cap	16	static
D:/ncs/v2.3.0/zephyr/subsys/bluetooth/audio/pacs.c:192:13:available_context_cfg_changed	0	static
D:/ncs/v2.3.0/zephyr/subsys/bluetooth/audio/pacs.c:212:13:supported_context_cfg_changed	0	static
D:/ncs/v2.3.0/zephyr/subsys/bluetooth/audio/pacs.c:274:13:snk_cfg_changed	0	static
D:/ncs/v2.3.0/zephyr/subsys/bluetooth/audio/pacs.c:307:13:snk_loc_cfg_changed	0	static
D:/ncs/v2.3.0/zephyr/subsys/bluetooth/audio/pacs.c:378:13:src_cfg_changed	0	static
D:/ncs/v2.3.0/zephyr/subsys/bluetooth/audio/pacs.c:411:13:src_loc_cfg_changed	0	static
D:/ncs/v2.3.0/zephyr/subsys/bluetooth/audio/pacs.c:618:21:pacs_get	0	static
D:/ncs/v2.3.0/zephyr/subsys/bluetooth/audio/pacs.c:218:16:supported_context_read	32	static
D:/ncs/v2.3.0/zephyr/subsys/bluetooth/audio/pacs.c:197:16:available_contexts_read	32	static
D:/ncs/v2.3.0/zephyr/subsys/bluetooth/audio/pacs.c:399:16:src_loc_read	32	static
D:/ncs/v2.3.0/zephyr/subsys/bluetooth/audio/pacs.c:295:16:snk_loc_read	32	static
D:/ncs/v2.3.0/zephyr/include/zephyr/bluetooth/gatt.h:1163:19:bt_gatt_notify_uuid	32	static
D:/ncs/v2.3.0/zephyr/subsys/bluetooth/audio/pacs.c:539:13:pac_notify_src_loc	72	dynamic,bounded
D:/ncs/v2.3.0/zephyr/subsys/bluetooth/audio/pacs.c:524:13:pac_notify_snk_loc	72	dynamic,bounded
D:/ncs/v2.3.0/zephyr/subsys/bluetooth/audio/pacs.c:590:13:available_contexts_notify	72	dynamic,bounded
D:/ncs/v2.3.0/zephyr/subsys/bluetooth/audio/pacs.c:177:13:get_pac_records	24	static
D:/ncs/v2.3.0/zephyr/subsys/bluetooth/audio/pacs.c:367:16:src_read	40	static
D:/ncs/v2.3.0/zephyr/subsys/bluetooth/audio/pacs.c:570:13:pac_notify_src	64	dynamic,bounded
D:/ncs/v2.3.0/zephyr/subsys/bluetooth/audio/pacs.c:263:16:snk_read	40	static
D:/ncs/v2.3.0/zephyr/subsys/bluetooth/audio/pacs.c:554:13:pac_notify_snk	64	dynamic,bounded
D:/ncs/v2.3.0/zephyr/subsys/bluetooth/audio/pacs.c:76:16:pac_data_add	40	static
D:/ncs/v2.3.0/zephyr/subsys/bluetooth/audio/pacs.c:106:13:build_pac_records	40	static
D:/ncs/v2.3.0/zephyr/subsys/bluetooth/audio/pacs.c:585:13:pacs_changed	8	static
D:/ncs/v2.3.0/zephyr/subsys/bluetooth/audio/pacs.c:312:12:set_snk_location	8	static
D:/ncs/v2.3.0/zephyr/subsys/bluetooth/audio/pacs.c:416:12:set_src_location	8	static
D:/ncs/v2.3.0/zephyr/subsys/bluetooth/audio/pacs.c:236:12:set_available_contexts	8	static
D:/ncs/v2.3.0/zephyr/subsys/bluetooth/audio/pacs.c:605:6:bt_pacs_context_available	0	static
D:/ncs/v2.3.0/zephyr/subsys/bluetooth/audio/pacs.c:634:6:bt_pacs_cap_foreach	48	static
D:/ncs/v2.3.0/zephyr/subsys/bluetooth/audio/pacs.c:652:5:bt_pacs_cap_register	8	static
D:/ncs/v2.3.0/zephyr/subsys/bluetooth/audio/pacs.c:677:5:bt_pacs_cap_unregister	16	static
D:/ncs/v2.3.0/zephyr/subsys/bluetooth/audio/pacs.c:701:5:bt_pacs_set_location	8	static
D:/ncs/v2.3.0/zephyr/subsys/bluetooth/audio/pacs.c:713:5:bt_pacs_set_available_contexts	8	static
D:/ncs/v2.3.0/zephyr/subsys/bluetooth/audio/pacs.c:725:23:bt_pacs_get_available_contexts	0	static
