D:/ncs/v2.3.0/zephyr/subsys/bluetooth/audio/endpoint.h:112:27:bt_audio_ep_state_str	0	static
D:/ncs/v2.3.0/zephyr/subsys/bluetooth/audio/stream.c:249:13:bt_audio_stream_is_broadcast	0	static
D:/ncs/v2.3.0/zephyr/subsys/bluetooth/audio/stream.c:34:16:pack_bt_codec_cc	24	static
D:/ncs/v2.3.0/zephyr/subsys/bluetooth/audio/stream.c:176:12:bt_audio_stream_iso_accept	40	static
D:/ncs/v2.3.0/zephyr/subsys/bluetooth/audio/stream.c:55:6:bt_audio_codec_to_iso_path	8	static
D:/ncs/v2.3.0/zephyr/subsys/bluetooth/audio/stream.c:66:6:bt_audio_codec_qos_to_iso_qos	0	static
D:/ncs/v2.3.0/zephyr/subsys/bluetooth/audio/stream.c:74:6:bt_audio_stream_attach	16	static
D:/ncs/v2.3.0/zephyr/subsys/bluetooth/audio/stream.c:93:21:bt_audio_stream_iso_chan_get	0	static
D:/ncs/v2.3.0/zephyr/subsys/bluetooth/audio/stream.c:102:6:bt_audio_stream_cb_register	0	static
D:/ncs/v2.3.0/zephyr/subsys/bluetooth/audio/stream.c:109:6:bt_audio_valid_qos	0	static
D:/ncs/v2.3.0/zephyr/subsys/bluetooth/audio/stream.c:144:5:bt_audio_stream_send	16	static
D:/ncs/v2.3.0/zephyr/subsys/bluetooth/audio/stream.c:207:5:bt_audio_stream_iso_listen	88	dynamic,bounded
D:/ncs/v2.3.0/zephyr/subsys/bluetooth/audio/stream.c:257:6:bt_audio_valid_stream_qos	0	static
D:/ncs/v2.3.0/zephyr/subsys/bluetooth/audio/stream.c:295:5:bt_audio_stream_disconnect	8	static
D:/ncs/v2.3.0/zephyr/subsys/bluetooth/audio/stream.c:276:6:bt_audio_stream_detach	16	static
D:/ncs/v2.3.0/zephyr/subsys/bluetooth/audio/stream.c:322:6:bt_audio_stream_reset	8	static
D:/ncs/v2.3.0/zephyr/subsys/bluetooth/audio/stream.c:1235:5:bt_audio_stream_reconfig	56	dynamic,bounded
D:/ncs/v2.3.0/zephyr/subsys/bluetooth/audio/stream.c:1288:5:bt_audio_stream_start	56	dynamic,bounded
D:/ncs/v2.3.0/zephyr/subsys/bluetooth/audio/stream.c:1330:5:bt_audio_stream_metadata	56	dynamic,bounded
D:/ncs/v2.3.0/zephyr/subsys/bluetooth/audio/stream.c:1382:5:bt_audio_stream_disable	56	dynamic,bounded
D:/ncs/v2.3.0/zephyr/subsys/bluetooth/audio/stream.c:1426:5:bt_audio_stream_release	56	dynamic,bounded
