D:/ncs/v2.3.0/zephyr/subsys/bluetooth/audio/vcp_vol_rend.c:50:13:volume_state_cfg_changed	0	static
D:/ncs/v2.3.0/zephyr/subsys/bluetooth/audio/vcp_vol_rend.c:206:13:flags_cfg_changed	0	static
D:/ncs/v2.3.0/zephyr/subsys/bluetooth/audio/vcp_vol_rend.c:211:16:read_flags	24	static
D:/ncs/v2.3.0/zephyr/subsys/bluetooth/audio/vcp_vol_rend.c:56:16:read_vol_state	24	static
D:/ncs/v2.3.0/zephyr/include/zephyr/bluetooth/gatt.h:1163:19:bt_gatt_notify_uuid	32	static
D:/ncs/v2.3.0/zephyr/subsys/bluetooth/audio/vcp_vol_rend.c:68:16:write_vcs_control	32	static
D:/ncs/v2.3.0/zephyr/subsys/bluetooth/audio/vcp_vol_rend.c:333:5:bt_vcp_vol_rend_register	16	static
D:/ncs/v2.3.0/zephyr/subsys/bluetooth/audio/vcp_vol_rend.c:393:5:bt_vcp_vol_rend_included_get	0	static
D:/ncs/v2.3.0/zephyr/subsys/bluetooth/audio/vcp_vol_rend.c:408:5:bt_vcp_vol_rend_set_step	0	static
D:/ncs/v2.3.0/zephyr/subsys/bluetooth/audio/vcp_vol_rend.c:418:5:bt_vcp_vol_rend_get_state	8	static
D:/ncs/v2.3.0/zephyr/subsys/bluetooth/audio/vcp_vol_rend.c:428:5:bt_vcp_vol_rend_get_flags	8	static
D:/ncs/v2.3.0/zephyr/subsys/bluetooth/audio/vcp_vol_rend.c:437:5:bt_vcp_vol_rend_vol_down	24	static
D:/ncs/v2.3.0/zephyr/subsys/bluetooth/audio/vcp_vol_rend.c:450:5:bt_vcp_vol_rend_vol_up	24	static
D:/ncs/v2.3.0/zephyr/subsys/bluetooth/audio/vcp_vol_rend.c:463:5:bt_vcp_vol_rend_unmute_vol_down	24	static
D:/ncs/v2.3.0/zephyr/subsys/bluetooth/audio/vcp_vol_rend.c:476:5:bt_vcp_vol_rend_unmute_vol_up	24	static
D:/ncs/v2.3.0/zephyr/subsys/bluetooth/audio/vcp_vol_rend.c:489:5:bt_vcp_vol_rend_set_vol	24	static
D:/ncs/v2.3.0/zephyr/subsys/bluetooth/audio/vcp_vol_rend.c:505:5:bt_vcp_vol_rend_unmute	24	static
D:/ncs/v2.3.0/zephyr/subsys/bluetooth/audio/vcp_vol_rend.c:518:5:bt_vcp_vol_rend_mute	24	static
