D:/ncs/v2.3.0/zephyr/subsys/logging/backends/log_backend_uart.c:62:12:char_out	16	static
D:/ncs/v2.3.0/zephyr/subsys/logging/backends/log_backend_uart.c:104:12:format_set	0	static
D:/ncs/v2.3.0/zephyr/subsys/logging/backends/log_backend_uart.c:110:13:log_backend_uart_init	8	static
D:/ncs/v2.3.0/zephyr/subsys/logging/backends/log_backend_uart.c:140:13:panic	8	static
D:/ncs/v2.3.0/zephyr/subsys/logging/backends/log_backend_uart.c:146:13:dropped	8	static
D:/ncs/v2.3.0/zephyr/subsys/logging/backends/log_backend_uart.c:94:13:process	8	static
