D:/ncs/v2.3.0/zephyr/drivers/timer/nrf_rtc_timer.c:59:17:counter_sub	0	static
D:/ncs/v2.3.0/zephyr/drivers/timer/nrf_rtc_timer.c:64:13:set_comparator	0	static
D:/ncs/v2.3.0/zephyr/drivers/timer/nrf_rtc_timer.c:69:13:event_check	0	static
D:/ncs/v2.3.0/zephyr/drivers/timer/nrf_rtc_timer.c:74:13:event_clear	0	static
D:/ncs/v2.3.0/zephyr/drivers/timer/nrf_rtc_timer.c:79:13:event_enable	0	static
D:/ncs/v2.3.0/zephyr/drivers/timer/nrf_rtc_timer.c:84:13:event_disable	0	static
D:/ncs/v2.3.0/zephyr/drivers/timer/nrf_rtc_timer.c:89:17:counter	0	static
D:/ncs/v2.3.0/zephyr/drivers/timer/nrf_rtc_timer.c:94:17:absolute_time_to_cc	0	static
D:/ncs/v2.3.0/zephyr/drivers/timer/nrf_rtc_timer.c:100:17:full_int_lock	0	static
D:/ncs/v2.3.0/zephyr/drivers/timer/nrf_rtc_timer.c:114:13:full_int_unlock	0	static
D:/ncs/v2.3.0/zephyr/drivers/timer/nrf_rtc_timer.c:232:13:set_alarm	24	static
D:/ncs/v2.3.0/zephyr/drivers/timer/nrf_rtc_timer.c:146:13:compare_int_lock	8	static
D:/ncs/v2.3.0/zephyr/drivers/timer/nrf_rtc_timer.c:453:13:channel_processing_check_and_clear	8	static
D:/ncs/v2.3.0/zephyr/drivers/timer/nrf_rtc_timer.c:166:13:compare_int_unlock	0	static
D:/ncs/v2.3.0/zephyr/drivers/timer/nrf_rtc_timer.c:431:13:sys_clock_timeout_handler	16	static
D:/ncs/v2.3.0/zephyr/drivers/timer/nrf_rtc_timer.c:123:10:z_nrf_rtc_timer_compare_evt_address_get	8	static
D:/ncs/v2.3.0/zephyr/drivers/timer/nrf_rtc_timer.c:129:10:z_nrf_rtc_timer_capture_task_address_get	8	static
D:/ncs/v2.3.0/zephyr/drivers/timer/nrf_rtc_timer.c:159:6:z_nrf_rtc_timer_compare_int_lock	8	static
D:/ncs/v2.3.0/zephyr/drivers/timer/nrf_rtc_timer.c:177:6:z_nrf_rtc_timer_compare_int_unlock	8	static
D:/ncs/v2.3.0/zephyr/drivers/timer/nrf_rtc_timer.c:184:10:z_nrf_rtc_timer_compare_read	8	static
D:/ncs/v2.3.0/zephyr/drivers/timer/nrf_rtc_timer.c:369:6:z_nrf_rtc_timer_abort	16	static
D:/ncs/v2.3.0/zephyr/drivers/timer/nrf_rtc_timer.c:383:10:z_nrf_rtc_timer_read	16	static
D:/ncs/v2.3.0/zephyr/drivers/timer/nrf_rtc_timer.c:191:10:z_nrf_rtc_timer_get_ticks	32	static
D:/ncs/v2.3.0/zephyr/drivers/timer/nrf_rtc_timer.c:313:12:compare_set_nolocks	24	static
D:/ncs/v2.3.0/zephyr/drivers/timer/nrf_rtc_timer.c:345:12:compare_set	32	static
D:/ncs/v2.3.0/zephyr/drivers/timer/nrf_rtc_timer.c:360:5:z_nrf_rtc_timer_set	16	static
D:/ncs/v2.3.0/zephyr/drivers/timer/nrf_rtc_timer.c:660:12:sys_clock_driver_init	24	static
D:/ncs/v2.3.0/zephyr/drivers/timer/nrf_rtc_timer.c:469:13:process_channel	40	static
D:/ncs/v2.3.0/zephyr/drivers/timer/nrf_rtc_timer.c:521:6:rtc_nrf_isr	8	static
D:/ncs/v2.3.0/zephyr/drivers/timer/nrf_rtc_timer.c:536:9:z_nrf_rtc_timer_chan_alloc	4	static
D:/ncs/v2.3.0/zephyr/drivers/timer/nrf_rtc_timer.c:551:6:z_nrf_rtc_timer_chan_free	8	static
D:/ncs/v2.3.0/zephyr/drivers/timer/nrf_rtc_timer.c:559:5:z_nrf_rtc_timer_trigger_overflow	0	static
D:/ncs/v2.3.0/zephyr/drivers/timer/nrf_rtc_timer.c:594:6:sys_clock_set_timeout	16	static
D:/ncs/v2.3.0/zephyr/drivers/timer/nrf_rtc_timer.c:646:10:sys_clock_elapsed	8	static
D:/ncs/v2.3.0/zephyr/drivers/timer/nrf_rtc_timer.c:655:10:sys_clock_cycle_get_32	8	static
