../src/bluetooth/ble_audio_services.c:68:17:vcs_vol_conversion	0	static
../src/bluetooth/ble_audio_services.c:154:13:vcs_flags_rend_cb_handler	56	dynamic,bounded
../src/bluetooth/ble_audio_services.c:249:13:mcc_read_media_state_cb	56	dynamic,bounded
../src/bluetooth/ble_audio_services.c:233:13:mcc_cmd_notification_cb	72	dynamic,bounded
../src/bluetooth/ble_audio_services.c:217:13:mcc_send_command_cb	72	dynamic,bounded
../src/bluetooth/ble_audio_services.c:129:13:vcs_state_rend_cb_handler	224	dynamic,bounded
../src/bluetooth/ble_audio_services.c:332:5:ble_vcs_vol_set	8	static
../src/bluetooth/ble_audio_services.c:356:5:ble_vcs_volume_up	8	static
../src/bluetooth/ble_audio_services.c:380:5:ble_vcs_volume_down	8	static
../src/bluetooth/ble_audio_services.c:404:5:ble_vcs_volume_mute	8	static
../src/bluetooth/ble_audio_services.c:428:5:ble_vcs_volume_unmute	8	static
../src/bluetooth/ble_audio_services.c:467:5:ble_mcs_discover	8	static
../src/bluetooth/ble_audio_services.c:486:5:ble_mcs_state_update	8	static
../src/bluetooth/ble_audio_services.c:188:13:mcc_discover_mcs_cb	96	dynamic,bounded
../src/bluetooth/ble_audio_services.c:496:5:ble_mcs_play_pause	104	dynamic,bounded
../src/bluetooth/ble_audio_services.c:538:5:ble_vcs_server_init	16	static
../src/bluetooth/ble_audio_services.c:559:5:ble_mcs_client_init	8	static
../src/bluetooth/ble_audio_services.c:576:5:ble_mcs_server_init	40	static
