../src/bluetooth/le_audio_cis_headset.c:68:13:csip_lock_changed_cb	0	static
../src/bluetooth/le_audio_cis_headset.c:75:16:sirk_read_req_cb	0	static
../src/bluetooth/le_audio_cis_headset.c:319:12:lc3_reconfig_cb	0	static
../src/bluetooth/le_audio_cis_headset.c:351:12:lc3_start_cb	0	static
../src/bluetooth/le_audio_cis_headset.c:357:12:lc3_metadata_cb	0	static
../src/bluetooth/le_audio_cis_headset.c:419:13:stream_recv_cb	56	static
../src/bluetooth/le_audio_cis_headset.c:442:13:stream_start_cb	40	static
../src/bluetooth/le_audio_cis_headset.c:412:13:stream_sent_cb	0	static
../src/bluetooth/le_audio_cis_headset.c:536:12:initialize	352	static
D:/ncs/v2.3.0/zephyr/include/zephyr/bluetooth/addr.h:231:19:bt_addr_le_to_str	64	static
../src/bluetooth/le_audio_cis_headset.c:172:13:advertising_process	344	dynamic,bounded
../src/bluetooth/le_audio_cis_headset.c:388:12:lc3_release_cb	56	dynamic,bounded
../src/bluetooth/le_audio_cis_headset.c:376:12:lc3_stop_cb	56	dynamic,bounded
../src/bluetooth/le_audio_cis_headset.c:364:12:lc3_disable_cb	56	dynamic,bounded
../src/bluetooth/le_audio_cis_headset.c:338:12:lc3_enable_cb	56	dynamic,bounded
../src/bluetooth/le_audio_cis_headset.c:447:13:stream_stop_cb	80	dynamic,bounded
../src/bluetooth/le_audio_cis_headset.c:510:13:security_changed_cb	96	dynamic,bounded
../src/bluetooth/le_audio_cis_headset.c:459:13:connected_cb	88	dynamic,bounded
../src/bluetooth/le_audio_cis_headset.c:327:12:lc3_qos_cb	64	dynamic,bounded
../src/bluetooth/le_audio_cis_headset.c:148:13:print_codec	248	dynamic,bounded
../src/bluetooth/le_audio_cis_headset.c:259:12:lc3_config_cb	192	dynamic,bounded
../src/bluetooth/le_audio_cis_headset.c:228:13:bond_find	40	static
../src/bluetooth/le_audio_cis_headset.c:249:13:advertising_start	8	static
../src/bluetooth/le_audio_cis_headset.c:491:13:disconnected_cb	120	dynamic,bounded
../src/bluetooth/le_audio_cis_headset.c:659:5:le_audio_user_defined_button_press	0	static
../src/bluetooth/le_audio_cis_headset.c:664:5:le_audio_config_get	24	static
../src/bluetooth/le_audio_cis_headset.c:675:5:le_audio_volume_up	40	static
../src/bluetooth/le_audio_cis_headset.c:688:5:le_audio_volume_down	40	static
../src/bluetooth/le_audio_cis_headset.c:701:5:le_audio_volume_mute	40	static
../src/bluetooth/le_audio_cis_headset.c:714:5:le_audio_play_pause	8	static
../src/bluetooth/le_audio_cis_headset.c:719:5:le_audio_send	152	dynamic,bounded
../src/bluetooth/le_audio_cis_headset.c:779:5:le_audio_enable	40	static
../src/bluetooth/le_audio_cis_headset.c:794:5:le_audio_disable	0	static
