D:/ncs/v2.3.0/zephyr/include/zephyr/sys/byteorder.h:284:20:sys_put_be64	0	static
D:/ncs/v2.3.0/zephyr/include/zephyr/sys/byteorder.h:359:20:sys_put_le64	0	static
D:/ncs/v2.3.0/zephyr/subsys/net/buf.c:53:12:pool_id	0	static
D:/ncs/v2.3.0/zephyr/subsys/net/buf.c:68:31:pool_get_uninit	16	static
D:/ncs/v2.3.0/zephyr/subsys/net/buf.c:92:17:generic_data_ref	0	static
D:/ncs/v2.3.0/zephyr/subsys/net/buf.c:155:13:fixed_data_unref	0	static
D:/ncs/v2.3.0/zephyr/subsys/net/buf.c:182:13:heap_data_unref	8	static
D:/ncs/v2.3.0/zephyr/subsys/net/buf.c:167:17:heap_data_alloc	8	static
D:/ncs/v2.3.0/zephyr/subsys/net/buf.c:48:22:net_buf_pool_get	0	static
D:/ncs/v2.3.0/zephyr/subsys/net/buf.c:123:13:mem_pool_data_unref	8	static
D:/ncs/v2.3.0/zephyr/subsys/net/buf.c:102:17:mem_pool_data_alloc	16	static
D:/ncs/v2.3.0/zephyr/subsys/net/buf.c:206:17:data_alloc	24	static
D:/ncs/v2.3.0/zephyr/include/zephyr/net/buf.h:1356:20:net_buf_destroy	8	static
D:/ncs/v2.3.0/zephyr/subsys/net/buf.c:220:13:data_unref	16	static
D:/ncs/v2.3.0/zephyr/subsys/net/buf.c:213:17:data_ref	16	static
D:/ncs/v2.3.0/zephyr/subsys/net/buf.c:58:5:net_buf_id	8	static
D:/ncs/v2.3.0/zephyr/subsys/net/buf.c:144:17:fixed_data_alloc	16	static
D:/ncs/v2.3.0/zephyr/subsys/net/buf.c:84:6:net_buf_reset	8	static
D:/ncs/v2.3.0/zephyr/subsys/net/buf.c:236:17:net_buf_alloc_len	48	static
D:/ncs/v2.3.0/zephyr/subsys/net/buf.c:371:17:net_buf_alloc_fixed	8	static
D:/ncs/v2.3.0/zephyr/subsys/net/buf.c:412:17:net_buf_get	8	static
D:/ncs/v2.3.0/zephyr/subsys/net/buf.c:429:6:net_buf_simple_init_with_data	0	static
D:/ncs/v2.3.0/zephyr/subsys/net/buf.c:386:17:net_buf_alloc_with_data	16	static
D:/ncs/v2.3.0/zephyr/subsys/net/buf.c:438:6:net_buf_simple_reserve	8	static
D:/ncs/v2.3.0/zephyr/subsys/net/buf.c:449:6:net_buf_slist_put	16	static
D:/ncs/v2.3.0/zephyr/subsys/net/buf.c:461:17:net_buf_slist_get	16	static
D:/ncs/v2.3.0/zephyr/subsys/net/buf.c:477:6:net_buf_put	8	static
D:/ncs/v2.3.0/zephyr/subsys/net/buf.c:488:6:net_buf_unref	16	static
D:/ncs/v2.3.0/zephyr/subsys/net/buf.c:536:17:net_buf_ref	8	static
D:/ncs/v2.3.0/zephyr/subsys/net/buf.c:597:17:net_buf_frag_last	8	static
D:/ncs/v2.3.0/zephyr/subsys/net/buf.c:608:6:net_buf_frag_insert	16	static
D:/ncs/v2.3.0/zephyr/subsys/net/buf.c:620:17:net_buf_frag_add	16	static
D:/ncs/v2.3.0/zephyr/subsys/net/buf.c:638:17:net_buf_frag_del	8	static
D:/ncs/v2.3.0/zephyr/subsys/net/buf.c:664:8:net_buf_linearize	24	static
D:/ncs/v2.3.0/zephyr/subsys/net/buf.c:759:6:net_buf_simple_clone	0	static
D:/ncs/v2.3.0/zephyr/subsys/net/buf.c:867:7:net_buf_simple_remove_mem	8	static
D:/ncs/v2.3.0/zephyr/subsys/net/buf.c:877:9:net_buf_simple_remove_u8	8	static
D:/ncs/v2.3.0/zephyr/subsys/net/buf.c:888:10:net_buf_simple_remove_le16	8	static
D:/ncs/v2.3.0/zephyr/subsys/net/buf.c:899:10:net_buf_simple_remove_be16	8	static
D:/ncs/v2.3.0/zephyr/subsys/net/buf.c:910:10:net_buf_simple_remove_le24	16	static
D:/ncs/v2.3.0/zephyr/subsys/net/buf.c:923:10:net_buf_simple_remove_be24	16	static
D:/ncs/v2.3.0/zephyr/subsys/net/buf.c:936:10:net_buf_simple_remove_le32	8	static
D:/ncs/v2.3.0/zephyr/subsys/net/buf.c:947:10:net_buf_simple_remove_be32	8	static
D:/ncs/v2.3.0/zephyr/subsys/net/buf.c:958:10:net_buf_simple_remove_le48	24	static
D:/ncs/v2.3.0/zephyr/subsys/net/buf.c:971:10:net_buf_simple_remove_be48	24	static
D:/ncs/v2.3.0/zephyr/subsys/net/buf.c:984:10:net_buf_simple_remove_le64	8	static
D:/ncs/v2.3.0/zephyr/subsys/net/buf.c:995:10:net_buf_simple_remove_be64	8	static
D:/ncs/v2.3.0/zephyr/subsys/net/buf.c:1102:7:net_buf_simple_pull	8	static
D:/ncs/v2.3.0/zephyr/subsys/net/buf.c:1112:7:net_buf_simple_pull_mem	8	static
D:/ncs/v2.3.0/zephyr/subsys/net/buf.c:1126:9:net_buf_simple_pull_u8	8	static
D:/ncs/v2.3.0/zephyr/subsys/net/buf.c:1136:10:net_buf_simple_pull_le16	8	static
D:/ncs/v2.3.0/zephyr/subsys/net/buf.c:1146:10:net_buf_simple_pull_be16	8	static
D:/ncs/v2.3.0/zephyr/subsys/net/buf.c:1156:10:net_buf_simple_pull_le24	16	static
D:/ncs/v2.3.0/zephyr/subsys/net/buf.c:1168:10:net_buf_simple_pull_be24	16	static
D:/ncs/v2.3.0/zephyr/subsys/net/buf.c:1180:10:net_buf_simple_pull_le32	8	static
D:/ncs/v2.3.0/zephyr/subsys/net/buf.c:1190:10:net_buf_simple_pull_be32	8	static
D:/ncs/v2.3.0/zephyr/subsys/net/buf.c:1200:10:net_buf_simple_pull_le48	24	static
D:/ncs/v2.3.0/zephyr/subsys/net/buf.c:1212:10:net_buf_simple_pull_be48	24	static
D:/ncs/v2.3.0/zephyr/subsys/net/buf.c:1224:10:net_buf_simple_pull_le64	16	static
D:/ncs/v2.3.0/zephyr/subsys/net/buf.c:1234:10:net_buf_simple_pull_be64	16	static
D:/ncs/v2.3.0/zephyr/subsys/net/buf.c:1244:8:net_buf_simple_headroom	0	static
D:/ncs/v2.3.0/zephyr/subsys/net/buf.c:1006:7:net_buf_simple_push	16	static
D:/ncs/v2.3.0/zephyr/subsys/net/buf.c:1017:7:net_buf_simple_push_mem	16	static
D:/ncs/v2.3.0/zephyr/subsys/net/buf.c:1025:6:net_buf_simple_push_le16	8	static
D:/ncs/v2.3.0/zephyr/subsys/net/buf.c:1032:6:net_buf_simple_push_be16	8	static
D:/ncs/v2.3.0/zephyr/subsys/net/buf.c:1039:6:net_buf_simple_push_u8	8	static
D:/ncs/v2.3.0/zephyr/subsys/net/buf.c:1046:6:net_buf_simple_push_le24	8	static
D:/ncs/v2.3.0/zephyr/subsys/net/buf.c:1053:6:net_buf_simple_push_be24	8	static
D:/ncs/v2.3.0/zephyr/subsys/net/buf.c:1060:6:net_buf_simple_push_le32	8	static
D:/ncs/v2.3.0/zephyr/subsys/net/buf.c:1067:6:net_buf_simple_push_be32	8	static
D:/ncs/v2.3.0/zephyr/subsys/net/buf.c:1074:6:net_buf_simple_push_le48	16	static
D:/ncs/v2.3.0/zephyr/subsys/net/buf.c:1081:6:net_buf_simple_push_be48	16	static
D:/ncs/v2.3.0/zephyr/subsys/net/buf.c:1088:6:net_buf_simple_push_le64	16	static
D:/ncs/v2.3.0/zephyr/subsys/net/buf.c:1095:6:net_buf_simple_push_be64	16	static
D:/ncs/v2.3.0/zephyr/subsys/net/buf.c:1249:8:net_buf_simple_tailroom	16	static
D:/ncs/v2.3.0/zephyr/subsys/net/buf.c:765:7:net_buf_simple_add	24	static
D:/ncs/v2.3.0/zephyr/subsys/net/buf.c:777:7:net_buf_simple_add_mem	16	static
D:/ncs/v2.3.0/zephyr/subsys/net/buf.c:546:17:net_buf_clone	40	static
D:/ncs/v2.3.0/zephyr/subsys/net/buf.c:785:10:net_buf_simple_add_u8	8	static
D:/ncs/v2.3.0/zephyr/subsys/net/buf.c:797:6:net_buf_simple_add_le16	8	static
D:/ncs/v2.3.0/zephyr/subsys/net/buf.c:804:6:net_buf_simple_add_be16	8	static
D:/ncs/v2.3.0/zephyr/subsys/net/buf.c:811:6:net_buf_simple_add_le24	8	static
D:/ncs/v2.3.0/zephyr/subsys/net/buf.c:818:6:net_buf_simple_add_be24	8	static
D:/ncs/v2.3.0/zephyr/subsys/net/buf.c:825:6:net_buf_simple_add_le32	8	static
D:/ncs/v2.3.0/zephyr/subsys/net/buf.c:832:6:net_buf_simple_add_be32	8	static
D:/ncs/v2.3.0/zephyr/subsys/net/buf.c:839:6:net_buf_simple_add_le48	16	static
D:/ncs/v2.3.0/zephyr/subsys/net/buf.c:846:6:net_buf_simple_add_be48	16	static
D:/ncs/v2.3.0/zephyr/subsys/net/buf.c:853:6:net_buf_simple_add_le64	16	static
D:/ncs/v2.3.0/zephyr/subsys/net/buf.c:860:6:net_buf_simple_add_be64	16	static
D:/ncs/v2.3.0/zephyr/subsys/net/buf.c:704:8:net_buf_append_bytes	40	static
D:/ncs/v2.3.0/zephyr/subsys/net/buf.c:1254:10:net_buf_simple_max_len	8	static
