modules/libmetal/libmetal/lib/include/metal/io.h:161:1:metal_io_phys	8	static
modules/libmetal/libmetal/lib/include/metal/io.h:182:1:metal_io_phys_to_offset	16	static
modules/libmetal/libmetal/lib/include/metal/io.h:206:1:metal_io_phys_to_virt	8	static
modules/libmetal/libmetal/lib/include/metal/io.h:219:1:metal_io_virt_to_phys	8	static
D:/ncs/v2.3.0/modules/lib/open-amp/open-amp/lib/virtio/virtqueue.c:487:17:vq_ring_add_buffer	40	static
D:/ncs/v2.3.0/modules/lib/open-amp/open-amp/lib/virtio/virtqueue.c:536:13:vq_ring_free_chain	8	static
D:/ncs/v2.3.0/modules/lib/open-amp/open-amp/lib/virtio/virtqueue.c:580:13:vq_ring_init	4	static
D:/ncs/v2.3.0/modules/lib/open-amp/open-amp/lib/virtio/virtqueue.c:719:12:vq_ring_must_notify	0	static
D:/ncs/v2.3.0/modules/lib/open-amp/open-amp/lib/virtio/virtqueue.c:771:13:vq_ring_notify	8	static
D:/ncs/v2.3.0/modules/lib/open-amp/open-amp/lib/virtio/virtqueue.c:783:12:virtqueue_nused	0	static
D:/ncs/v2.3.0/modules/lib/open-amp/open-amp/lib/virtio/virtqueue.c:804:12:virtqueue_navail	0	static
D:/ncs/v2.3.0/modules/lib/open-amp/open-amp/lib/virtio/virtqueue.c:606:13:vq_ring_update_avail	0	static
D:/ncs/v2.3.0/modules/lib/open-amp/open-amp/lib/virtio/virtqueue.c:641:12:vq_ring_enable_interrupt	16	static
D:/ncs/v2.3.0/modules/lib/open-amp/open-amp/lib/virtio/virtqueue.c:73:5:virtqueue_create	8	static
D:/ncs/v2.3.0/modules/lib/open-amp/open-amp/lib/virtio/virtqueue.c:121:5:virtqueue_add_buffer	32	static
D:/ncs/v2.3.0/modules/lib/open-amp/open-amp/lib/virtio/virtqueue.c:185:7:virtqueue_get_buffer	24	static
D:/ncs/v2.3.0/modules/lib/open-amp/open-amp/lib/virtio/virtqueue.c:223:10:virtqueue_get_buffer_length	0	static
D:/ncs/v2.3.0/modules/lib/open-amp/open-amp/lib/virtio/virtqueue.c:229:7:virtqueue_get_buffer_addr	8	static
D:/ncs/v2.3.0/modules/lib/open-amp/open-amp/lib/virtio/virtqueue.c:241:6:virtqueue_free	8	static
D:/ncs/v2.3.0/modules/lib/open-amp/open-amp/lib/virtio/virtqueue.c:264:7:virtqueue_get_available_buffer	16	static
D:/ncs/v2.3.0/modules/lib/open-amp/open-amp/lib/virtio/virtqueue.c:305:5:virtqueue_add_consumed_buffer	4	static
D:/ncs/v2.3.0/modules/lib/open-amp/open-amp/lib/virtio/virtqueue.c:348:5:virtqueue_enable_cb	8	static
D:/ncs/v2.3.0/modules/lib/open-amp/open-amp/lib/virtio/virtqueue.c:359:6:virtqueue_disable_cb	0	static
D:/ncs/v2.3.0/modules/lib/open-amp/open-amp/lib/virtio/virtqueue.c:401:6:virtqueue_kick	8	static
D:/ncs/v2.3.0/modules/lib/open-amp/open-amp/lib/virtio/virtqueue.c:421:6:virtqueue_dump	64	static
D:/ncs/v2.3.0/modules/lib/open-amp/open-amp/lib/virtio/virtqueue.c:447:10:virtqueue_get_desc_size	0	static
D:/ncs/v2.3.0/modules/lib/open-amp/open-amp/lib/virtio/virtqueue.c:707:6:virtqueue_notification	8	static
