modules/libmetal/libmetal/lib/include/metal/utilities.h:122:1:metal_bitmap_next_clear_bit	0	static
D:/ncs/v2.3.0/modules/lib/open-amp/open-amp/lib/rpmsg/rpmsg.c:25:17:rpmsg_get_address	16	static
D:/ncs/v2.3.0/modules/lib/open-amp/open-amp/lib/rpmsg/rpmsg.c:48:13:rpmsg_release_address	0	static
D:/ncs/v2.3.0/modules/lib/open-amp/open-amp/lib/rpmsg/rpmsg.c:67:12:rpmsg_is_address_set	0	static
D:/ncs/v2.3.0/modules/lib/open-amp/open-amp/lib/rpmsg/rpmsg.c:87:12:rpmsg_set_address	0	static
modules/libmetal/libmetal/lib/include/metal/system/zephyr/mutex.h:74:20:__metal_mutex_acquire	8	static
D:/ncs/v2.3.0/modules/lib/open-amp/open-amp/lib/rpmsg/rpmsg.c:251:13:rpmsg_unregister_endpoint	16	static
D:/ncs/v2.3.0/modules/lib/open-amp/open-amp/lib/rpmsg/rpmsg.c:112:5:rpmsg_send_offchannel_raw	24	static
D:/ncs/v2.3.0/modules/lib/open-amp/open-amp/lib/rpmsg/rpmsg.c:130:5:rpmsg_send_ns_message	64	static
D:/ncs/v2.3.0/modules/lib/open-amp/open-amp/lib/rpmsg/rpmsg.c:147:6:rpmsg_hold_rx_buffer	8	static
D:/ncs/v2.3.0/modules/lib/open-amp/open-amp/lib/rpmsg/rpmsg.c:160:6:rpmsg_release_rx_buffer	8	static
D:/ncs/v2.3.0/modules/lib/open-amp/open-amp/lib/rpmsg/rpmsg.c:173:5:rpmsg_release_tx_buffer	8	static
D:/ncs/v2.3.0/modules/lib/open-amp/open-amp/lib/rpmsg/rpmsg.c:188:7:rpmsg_get_tx_payload_buffer	8	static
D:/ncs/v2.3.0/modules/lib/open-amp/open-amp/lib/rpmsg/rpmsg.c:204:5:rpmsg_send_offchannel_nocopy	24	static
D:/ncs/v2.3.0/modules/lib/open-amp/open-amp/lib/rpmsg/rpmsg.c:221:24:rpmsg_get_endpoint	32	static
D:/ncs/v2.3.0/modules/lib/open-amp/open-amp/lib/rpmsg/rpmsg.c:264:6:rpmsg_register_endpoint	16	static
D:/ncs/v2.3.0/modules/lib/open-amp/open-amp/lib/rpmsg/rpmsg.c:280:5:rpmsg_create_ept	56	static
D:/ncs/v2.3.0/modules/lib/open-amp/open-amp/lib/rpmsg/rpmsg.c:342:6:rpmsg_destroy_ept	8	static
