D:/ncs/v2.3.0/modules/lib/open-amp/open-amp/lib/rpmsg/rpmsg_virtio.c:257:12:rpmsg_virtio_wait_remote_ready	8	static
D:/ncs/v2.3.0/modules/lib/open-amp/open-amp/lib/rpmsg/rpmsg_virtio.c:320:13:rpmsg_virtio_hold_rx_buffer	0	static
D:/ncs/v2.3.0/modules/lib/open-amp/open-amp/lib/rpmsg/rpmsg_virtio.c:529:13:rpmsg_virtio_tx_callback	0	static
modules/libmetal/libmetal/lib/include/metal/system/zephyr/mutex.h:74:20:__metal_mutex_acquire	8	static
D:/ncs/v2.3.0/modules/lib/open-amp/open-amp/lib/rpmsg/rpmsg_virtio.c:286:12:_rpmsg_virtio_get_buffer_size	8	static
D:/ncs/v2.3.0/modules/lib/open-amp/open-amp/lib/rpmsg/rpmsg_virtio.c:450:12:rpmsg_virtio_release_tx_buffer	24	static
D:/ncs/v2.3.0/modules/lib/open-amp/open-amp/lib/rpmsg/rpmsg_virtio.c:614:12:rpmsg_virtio_ns_callback	56	static
D:/ncs/v2.3.0/modules/lib/open-amp/open-amp/lib/rpmsg/rpmsg_virtio.c:91:13:rpmsg_virtio_return_buffer	40	static
D:/ncs/v2.3.0/modules/lib/open-amp/open-amp/lib/rpmsg/rpmsg_virtio.c:128:12:rpmsg_virtio_enqueue_buffer	24	static
D:/ncs/v2.3.0/modules/lib/open-amp/open-amp/lib/rpmsg/rpmsg_virtio.c:226:14:rpmsg_virtio_get_rx_buffer	24	static
D:/ncs/v2.3.0/modules/lib/open-amp/open-amp/lib/rpmsg/rpmsg_virtio.c:542:13:rpmsg_virtio_rx_callback	40	static
D:/ncs/v2.3.0/modules/lib/open-amp/open-amp/lib/rpmsg/rpmsg_virtio.c:398:12:rpmsg_virtio_send_offchannel_nocopy	40	static
D:/ncs/v2.3.0/modules/lib/open-amp/open-amp/lib/rpmsg/rpmsg_virtio.c:332:13:rpmsg_virtio_release_rx_buffer	24	static
modules/libmetal/libmetal/lib/include/metal/system/zephyr/sleep.h:25:19:__metal_sleep_usec	8	static
D:/ncs/v2.3.0/modules/lib/open-amp/open-amp/lib/rpmsg/rpmsg_virtio.c:56:1:rpmsg_virtio_shm_pool_get_buffer	4	static
D:/ncs/v2.3.0/modules/lib/open-amp/open-amp/lib/rpmsg/rpmsg_virtio.c:170:14:rpmsg_virtio_get_tx_buffer	24	static
D:/ncs/v2.3.0/modules/lib/open-amp/open-amp/lib/rpmsg/rpmsg_virtio.c:354:14:rpmsg_virtio_get_tx_payload_buffer	32	static
D:/ncs/v2.3.0/modules/lib/open-amp/open-amp/lib/rpmsg/rpmsg_virtio.c:490:12:rpmsg_virtio_send_offchannel_raw	48	static
D:/ncs/v2.3.0/modules/lib/open-amp/open-amp/lib/rpmsg/rpmsg_virtio.c:70:6:rpmsg_virtio_init_shm_pool	0	static
D:/ncs/v2.3.0/modules/lib/open-amp/open-amp/lib/rpmsg/rpmsg_virtio.c:669:5:rpmsg_virtio_get_buffer_size	16	static
D:/ncs/v2.3.0/modules/lib/open-amp/open-amp/lib/rpmsg/rpmsg_virtio.c:693:5:rpmsg_init_vdev_with_config	72	static
D:/ncs/v2.3.0/modules/lib/open-amp/open-amp/lib/rpmsg/rpmsg_virtio.c:683:5:rpmsg_init_vdev	40	static
D:/ncs/v2.3.0/modules/lib/open-amp/open-amp/lib/rpmsg/rpmsg_virtio.c:858:6:rpmsg_deinit_vdev	8	static
